Component: ARM Compiler 5.06 update 6 (build 750) Tool: armlink [4d35ed]

==============================================================================

Section Cross References

    lcd_test.o(.text) refers to demo.o(.text) for demo_create
    lcd_test.o(.text) refers to lv_hal_tick.o(.text) for lv_tick_inc
    lcd_test.o(.text) refers to lv_task.o(.text) for lv_task_handler
    lcd_test.o(.text) refers to delay.o(.text) for delay_ms
    led.o(.text) refers to stm32f4xx_iwdg.o(.text) for IWDG_WriteAccessCmd
    led.o(.text) refers to stm32f4xx_rcc.o(.text) for RCC_AHB1PeriphClockCmd
    led.o(.text) refers to stm32f4xx_gpio.o(.text) for GPIO_Init
    led.o(.text) refers to bsp_lcd.o(.text) for Bsp_LCD_ColorBox
    led.o(.text) refers to delay.o(.text) for delay_ms
    main_task.o(.text) refers to lv_obj.o(.text) for lv_obj_create
    main_task.o(.text) refers to lv_btn.o(.text) for lv_btn_create
    main_task.o(.text) refers to lv_cont.o(.text) for lv_cont_set_fit
    main_task.o(.data) refers to main_task.o(.conststring) for .conststring
    main.o(.text) refers to delay.o(.text) for delay_init
    main.o(.text) refers to bsp_lcd.o(.text) for Bsp_LCD_Init
    main.o(.text) refers to lv_obj.o(.text) for lv_init
    main.o(.text) refers to tft.o(.text) for tft_init
    main.o(.text) refers to thread.o(.text) for rt_thread_create
    main.o(.text) refers to lcd_test.o(.text) for rt_lcd_test_thread_entry
    main.o(.text) refers to led.o(.text) for rt_led_thread_entry
    delay.o(.text) refers to scheduler.o(.text) for rt_enter_critical
    delay.o(.text) refers to thread.o(.text) for rt_thread_delay
    delay.o(.text) refers to stm32f4xx_rcc.o(.text) for RCC_GetClocksFreq
    delay.o(.text) refers to clock.o(.text) for rt_tick_get
    delay.o(.text) refers to irq.o(.text) for rt_interrupt_get_nest
    delay.o(.text) refers to delay.o(.data) for sys_delay
    queue.o(.text) refers to context_rvds.o(.text) for rt_hw_interrupt_disable
    queue.o(.text) refers to mem.o(.text) for rt_malloc
    board.o(.text) refers to misc.o(.text) for NVIC_SetVectorTable
    board.o(.text) refers to stm32f4xx_rcc.o(.text) for RCC_GetClocksFreq
    board.o(.text) refers to irq.o(.text) for rt_interrupt_enter
    board.o(.text) refers to clock.o(.text) for rt_tick_increase
    board.o(.text) refers to mem.o(.text) for rt_system_heap_init
    board.o(.text) refers to components.o(.text) for rt_components_board_init
    board.o(.text) refers to kservice.o(.text) for rt_console_set_device
    usart.o(.text) refers to kservice.o(.text) for rt_assert_handler
    usart.o(.text) refers to stm32f4xx_usart.o(.text) for USART_Init
    usart.o(.text) refers to stm32f4xx_dma.o(.text) for DMA_DeInit
    usart.o(.text) refers to stm32f4xx_rcc.o(.text) for RCC_AHB1PeriphClockCmd
    usart.o(.text) refers to misc.o(.text) for NVIC_Init
    usart.o(.text) refers to context_rvds.o(.text) for rt_hw_interrupt_disable
    usart.o(.text) refers to serial.o(.text) for rt_hw_serial_isr
    usart.o(.text) refers to irq.o(.text) for rt_interrupt_enter
    usart.o(.text) refers to usart.o(.constdata) for __FUNCTION__
    usart.o(.text) refers to usart.o(.bss) for serial1
    usart.o(.text) refers to stm32f4xx_gpio.o(.text) for GPIO_PinAFConfig
    usart.o(.text) refers to usart.o(.data) for uart1
    usart.o(.constdata) refers to usart.o(.text) for stm32_configure
    usart.o(.rti_fn.1) refers to usart.o(.text) for stm32_hw_usart_init
    bsp_lcd.o(.text) refers to stm32f4xx_rcc.o(.text) for RCC_AHB1PeriphClockCmd
    bsp_lcd.o(.text) refers to stm32f4xx_gpio.o(.text) for GPIO_Init
    bsp_lcd.o(.text) refers to stm32f4xx_fsmc.o(.text) for FSMC_NORSRAMInit
    bsp_lcd.o(.text) refers to delay.o(.text) for delay_ms
    context_rvds.o(.text) refers to cpuport.o(.text) for rt_hw_hard_fault_exception
    context_rvds.o(.text) refers to cpuport.o(.data) for rt_thread_switch_interrupt_flag
    cpuport.o(.text) refers to kservice.o(.text) for rt_kprintf
    cpuport.o(.text) refers to thread.o(.text) for rt_thread_self
    cpuport.o(.text) refers to cmd.o(.text) for list_thread
    cpuport.o(.text) refers to cpuport.o(.data) for rt_exception_hook
    cpuport.o(.text) refers to cpuport.o(.constdata) for __FUNCTION__
    clock.o(.text) refers to context_rvds.o(.text) for rt_hw_interrupt_disable
    clock.o(.text) refers to thread.o(.text) for rt_thread_self
    clock.o(.text) refers to timer.o(.text) for rt_timer_check
    clock.o(.text) refers to clock.o(.data) for rt_tick
    components.o(.text) refers to main.o(.text) for $Super$$main
    components.o(.text) refers to thread.o(.text) for rt_thread_create
    components.o(.text) refers to kservice.o(.text) for rt_assert_handler
    components.o(.text) refers to context_rvds.o(.text) for rt_hw_interrupt_disable
    components.o(.text) refers to board.o(.text) for rt_hw_board_init
    components.o(.text) refers to timer.o(.text) for rt_system_timer_init
[...]
    lv_ta_get_text                           0x08023827   Thumb Code    38  lv_ta.o(.text)
    lv_ta_add_char                           0x080238b9   Thumb Code   322  lv_ta.o(.text)
    lv_ta_del_char                           0x080239fb   Thumb Code   204  lv_ta.o(.text)
    lv_ta_cursor_down                        0x08023ac7   Thumb Code   124  lv_ta.o(.text)
    lv_ta_cursor_up                          0x08023b43   Thumb Code   230  lv_ta.o(.text)
    lv_ta_cursor_left                        0x08023c29   Thumb Code    30  lv_ta.o(.text)
    lv_ta_cursor_right                       0x08023c47   Thumb Code    26  lv_ta.o(.text)
    lv_ta_create                             0x08023ec1   Thumb Code   732  lv_ta.o(.text)
    lv_ta_get_max_length                     0x0802419d   Thumb Code    18  lv_ta.o(.text)
    lv_ta_get_accepted_chars                 0x080241af   Thumb Code    16  lv_ta.o(.text)
    lv_ta_add_text                           0x080241bf   Thumb Code   334  lv_ta.o(.text)
    lv_ta_set_text                           0x0802430d   Thumb Code   314  lv_ta.o(.text)
    lv_ta_set_pwd_mode                       0x08024447   Thumb Code   256  lv_ta.o(.text)
    lv_ta_get_label                          0x08024547   Thumb Code    16  lv_ta.o(.text)
    lv_ta_set_text_align                     0x08024557   Thumb Code   168  lv_ta.o(.text)
    lv_ta_set_accepted_chars                 0x080245ff   Thumb Code    18  lv_ta.o(.text)
    lv_ta_set_max_length                     0x08024611   Thumb Code    20  lv_ta.o(.text)
    lv_ta_get_pwd_mode                       0x08024625   Thumb Code    22  lv_ta.o(.text)
    lv_ta_get_one_line                       0x0802463b   Thumb Code    22  lv_ta.o(.text)
    lv_tabview_get_tab                       0x0802469d   Thumb Code    64  lv_tabview.o(.text)
    lv_tabview_set_tab_act                   0x080246dd   Thumb Code   352  lv_tabview.o(.text)
    lv_tabview_get_sliding                   0x08024a3f   Thumb Code    20  lv_tabview.o(.text)
    lv_tabview_get_style                     0x08024ac1   Thumb Code   116  lv_tabview.o(.text)
    lv_tabview_add_tab                       0x08024d65   Thumb Code   444  lv_tabview.o(.text)
    lv_tabview_set_style                     0x08024f21   Thumb Code   148  lv_tabview.o(.text)
    lv_tabview_create                        0x08025185   Thumb Code   802  lv_tabview.o(.text)
    lv_tabview_clean                         0x080254a7   Thumb Code    20  lv_tabview.o(.text)
    lv_tabview_set_tab_load_action           0x080254bb   Thumb Code    18  lv_tabview.o(.text)
    lv_tabview_set_sliding                   0x080254cd   Thumb Code    24  lv_tabview.o(.text)
    lv_tabview_set_anim_time                 0x080254e5   Thumb Code    18  lv_tabview.o(.text)
    lv_tabview_set_btns_pos                  0x080254f7   Thumb Code    30  lv_tabview.o(.text)
    lv_tabview_set_btns_hidden               0x08025515   Thumb Code    30  lv_tabview.o(.text)
    lv_tabview_get_tab_act                   0x08025533   Thumb Code    16  lv_tabview.o(.text)
    lv_tabview_get_tab_count                 0x08025543   Thumb Code    16  lv_tabview.o(.text)
    lv_tabview_get_tab_load_action           0x08025553   Thumb Code   106  lv_tabview.o(.text)
    lv_tabview_get_anim_time                 0x080255bd   Thumb Code    16  lv_tabview.o(.text)
    lv_tabview_get_btns_pos                  0x080255cd   Thumb Code    20  lv_tabview.o(.text)
    lv_tabview_get_btns_hidden               0x080255e1   Thumb Code    20  lv_tabview.o(.text)
    lv_theme_set_current                     0x080255f5   Thumb Code   122  lv_theme.o(.text)
    lv_theme_get_current                     0x0802566f   Thumb Code    14  lv_theme.o(.text)
    tft_fill                                 0x080257a1   Thumb Code    30  tft.o(.text)
    tft_init                                 0x080257bf   Thumb Code    34  tft.o(.text)
    demo_create                              0x08025e65   Thumb Code   276  demo.o(.text)
    NVIC_PriorityGroupConfig                 0x08026059   Thumb Code    10  misc.o(.text)
    NVIC_Init                                0x08026063   Thumb Code   106  misc.o(.text)
    NVIC_SetVectorTable                      0x080260cd   Thumb Code    14  misc.o(.text)
    NVIC_SystemLPConfig                      0x080260db   Thumb Code    34  misc.o(.text)
    SysTick_CLKSourceConfig                  0x080260fd   Thumb Code    40  misc.o(.text)
    DMA_DeInit                               0x08026139   Thumb Code   324  stm32f4xx_dma.o(.text)
    DMA_Init                                 0x0802627d   Thumb Code    82  stm32f4xx_dma.o(.text)
    DMA_StructInit                           0x080262cf   Thumb Code    34  stm32f4xx_dma.o(.text)
    DMA_Cmd                                  0x080262f1   Thumb Code    22  stm32f4xx_dma.o(.text)
    DMA_PeriphIncOffsetSizeConfig            0x08026307   Thumb Code    22  stm32f4xx_dma.o(.text)
    DMA_FlowControllerConfig                 0x0802631d   Thumb Code    22  stm32f4xx_dma.o(.text)
    DMA_SetCurrDataCounter                   0x08026333   Thumb Code     4  stm32f4xx_dma.o(.text)
    DMA_GetCurrDataCounter                   0x08026337   Thumb Code     8  stm32f4xx_dma.o(.text)
    DMA_DoubleBufferModeConfig               0x0802633f   Thumb Code    24  stm32f4xx_dma.o(.text)
    DMA_DoubleBufferModeCmd                  0x08026357   Thumb Code    22  stm32f4xx_dma.o(.text)
    DMA_MemoryTargetConfig                   0x0802636d   Thumb Code    10  stm32f4xx_dma.o(.text)
    DMA_GetCurrentMemoryTarget               0x08026377   Thumb Code    20  stm32f4xx_dma.o(.text)
    DMA_GetCmdStatus                         0x0802638b   Thumb Code    20  stm32f4xx_dma.o(.text)
    DMA_GetFIFOStatus                        0x0802639f   Thumb Code    12  stm32f4xx_dma.o(.text)
    DMA_GetFlagStatus                        0x080263ab   Thumb Code    56  stm32f4xx_dma.o(.text)
    DMA_ClearFlag                            0x080263e3   Thumb Code    40  stm32f4xx_dma.o(.text)
    DMA_ITConfig                             0x0802640b   Thumb Code    58  stm32f4xx_dma.o(.text)
    DMA_GetITStatus                          0x08026445   Thumb Code    84  stm32f4xx_dma.o(.text)
    DMA_ClearITPendingBit                    0x08026499   Thumb Code    40  stm32f4xx_dma.o(.text)
    FSMC_NORSRAMDeInit                       0x080264e1   Thumb Code    54  stm32f4xx_fsmc.o(.text)
    FSMC_NORSRAMInit                         0x08026517   Thumb Code   282  stm32f4xx_fsmc.o(.text)
    FSMC_NORSRAMStructInit                   0x08026631   Thumb Code    48  stm32f4xx_fsmc.o(.text)
    FSMC_NORSRAMCmd                          0x08026661   Thumb Code    46  stm32f4xx_fsmc.o(.text)
    FSMC_NANDDeInit                          0x0802668f   Thumb Code    62  stm32f4xx_fsmc.o(.text)
    FSMC_NANDInit                            0x080266cd   Thumb Code   204  stm32f4xx_fsmc.o(.text)
    FSMC_NANDStructInit                      0x08026799   Thumb Code    54  stm32f4xx_fsmc.o(.text)
    FSMC_NANDCmd                             0x080267cf   Thumb Code    86  stm32f4xx_fsmc.o(.text)
    FSMC_NANDECCCmd                          0x08026825   Thumb Code    86  stm32f4xx_fsmc.o(.text)
    FSMC_GetECC                              0x0802687b   Thumb Code    24  stm32f4xx_fsmc.o(.text)
    FSMC_PCCARDDeInit                        0x08026893   Thumb Code    36  stm32f4xx_fsmc.o(.text)
    FSMC_PCCARDInit                          0x080268b7   Thumb Code   216  stm32f4xx_fsmc.o(.text)
    FSMC_PCCARDStructInit                    0x0802698f   Thumb Code    60  stm32f4xx_fsmc.o(.text)
    FSMC_PCCARDCmd                           0x080269cb   Thumb Code    42  stm32f4xx_fsmc.o(.text)
    FSMC_ITConfig                            0x080269f5   Thumb Code   128  stm32f4xx_fsmc.o(.text)
    FSMC_GetFlagStatus                       0x08026a75   Thumb Code    54  stm32f4xx_fsmc.o(.text)
    FSMC_ClearFlag                           0x08026aab   Thumb Code    62  stm32f4xx_fsmc.o(.text)
    FSMC_GetITStatus                         0x08026ae9   Thumb Code    64  stm32f4xx_fsmc.o(.text)
    FSMC_ClearITPendingBit                   0x08026b29   Thumb Code    68  stm32f4xx_fsmc.o(.text)
    GPIO_DeInit                              0x08026b75   Thumb Code   268  stm32f4xx_gpio.o(.text)
    GPIO_Init                                0x08026c81   Thumb Code   144  stm32f4xx_gpio.o(.text)
    GPIO_StructInit                          0x08026d11   Thumb Code    18  stm32f4xx_gpio.o(.text)
    GPIO_PinLockConfig                       0x08026d23   Thumb Code    34  stm32f4xx_gpio.o(.text)
    GPIO_ReadInputDataBit                    0x08026d45   Thumb Code    18  stm32f4xx_gpio.o(.text)
    GPIO_ReadInputData                       0x08026d57   Thumb Code     8  stm32f4xx_gpio.o(.text)
    GPIO_ReadOutputDataBit                   0x08026d5f   Thumb Code    18  stm32f4xx_gpio.o(.text)
    GPIO_ReadOutputData                      0x08026d71   Thumb Code     8  stm32f4xx_gpio.o(.text)
    GPIO_SetBits                             0x08026d79   Thumb Code     4  stm32f4xx_gpio.o(.text)
    GPIO_ResetBits                           0x08026d7d   Thumb Code     4  stm32f4xx_gpio.o(.text)
    GPIO_WriteBit                            0x08026d81   Thumb Code    10  stm32f4xx_gpio.o(.text)
    GPIO_Write                               0x08026d8b   Thumb Code     4  stm32f4xx_gpio.o(.text)
    GPIO_ToggleBits                          0x08026d8f   Thumb Code     8  stm32f4xx_gpio.o(.text)
    GPIO_PinAFConfig                         0x08026d97   Thumb Code    70  stm32f4xx_gpio.o(.text)
    USART_DeInit                             0x08026e09   Thumb Code   206  stm32f4xx_usart.o(.text)
    USART_Init                               0x08026ed7   Thumb Code   204  stm32f4xx_usart.o(.text)
    USART_StructInit                         0x08026fa3   Thumb Code    24  stm32f4xx_usart.o(.text)
    USART_ClockInit                          0x08026fbb   Thumb Code    32  stm32f4xx_usart.o(.text)
    USART_ClockStructInit                    0x08026fdb   Thumb Code    12  stm32f4xx_usart.o(.text)
    USART_Cmd                                0x08026fe7   Thumb Code    24  stm32f4xx_usart.o(.text)
    USART_SetPrescaler                       0x08026fff   Thumb Code    16  stm32f4xx_usart.o(.text)
    USART_OverSampling8Cmd                   0x0802700f   Thumb Code    22  stm32f4xx_usart.o(.text)
    USART_OneBitMethodCmd                    0x08027025   Thumb Code    24  stm32f4xx_usart.o(.text)
    USART_SendData                           0x0802703d   Thumb Code     8  stm32f4xx_usart.o(.text)
    USART_ReceiveData                        0x08027045   Thumb Code    10  stm32f4xx_usart.o(.text)
    USART_SetAddress                         0x0802704f   Thumb Code    18  stm32f4xx_usart.o(.text)
    USART_ReceiverWakeUpCmd                  0x08027061   Thumb Code    24  stm32f4xx_usart.o(.text)
    USART_WakeUpConfig                       0x08027079   Thumb Code    18  stm32f4xx_usart.o(.text)
    USART_LINBreakDetectLengthConfig         0x0802708b   Thumb Code    18  stm32f4xx_usart.o(.text)
    USART_LINCmd                             0x0802709d   Thumb Code    24  stm32f4xx_usart.o(.text)
    USART_SendBreak                          0x080270b5   Thumb Code    10  stm32f4xx_usart.o(.text)
    USART_HalfDuplexCmd                      0x080270bf   Thumb Code    24  stm32f4xx_usart.o(.text)
    USART_SetGuardTime                       0x080270d7   Thumb Code    16  stm32f4xx_usart.o(.text)
    USART_SmartCardCmd                       0x080270e7   Thumb Code    24  stm32f4xx_usart.o(.text)
    USART_SmartCardNACKCmd                   0x080270ff   Thumb Code    24  stm32f4xx_usart.o(.text)
    USART_IrDAConfig                         0x08027117   Thumb Code    18  stm32f4xx_usart.o(.text)
    USART_IrDACmd                            0x08027129   Thumb Code    24  stm32f4xx_usart.o(.text)
    USART_DMACmd                             0x08027141   Thumb Code    18  stm32f4xx_usart.o(.text)
    USART_ITConfig                           0x08027153   Thumb Code    74  stm32f4xx_usart.o(.text)
    USART_GetFlagStatus                      0x0802719d   Thumb Code    26  stm32f4xx_usart.o(.text)
    USART_ClearFlag                          0x080271b7   Thumb Code    18  stm32f4xx_usart.o(.text)
    USART_GetITStatus                        0x080271c9   Thumb Code   118  stm32f4xx_usart.o(.text)
    USART_ClearITPendingBit                  0x0802723f   Thumb Code    30  stm32f4xx_usart.o(.text)
    RCC_DeInit                               0x0802725d   Thumb Code    82  stm32f4xx_rcc.o(.text)
    RCC_HSEConfig                            0x080272af   Thumb Code    14  stm32f4xx_rcc.o(.text)
    RCC_GetFlagStatus                        0x080272bd   Thumb Code    60  stm32f4xx_rcc.o(.text)
    RCC_WaitForHSEStartUp                    0x080272f9   Thumb Code    56  stm32f4xx_rcc.o(.text)
    RCC_AdjustHSICalibrationValue            0x08027331   Thumb Code    20  stm32f4xx_rcc.o(.text)
    RCC_HSICmd                               0x08027345   Thumb Code     6  stm32f4xx_rcc.o(.text)
    RCC_LSEConfig                            0x0802734b   Thumb Code    46  stm32f4xx_rcc.o(.text)
    RCC_LSICmd                               0x08027379   Thumb Code     6  stm32f4xx_rcc.o(.text)
    RCC_PLLConfig                            0x0802737f   Thumb Code    32  stm32f4xx_rcc.o(.text)
    RCC_PLLCmd                               0x0802739f   Thumb Code     6  stm32f4xx_rcc.o(.text)
    RCC_PLLI2SConfig                         0x080273a5   Thumb Code    14  stm32f4xx_rcc.o(.text)
    RCC_PLLI2SCmd                            0x080273b3   Thumb Code     6  stm32f4xx_rcc.o(.text)
    RCC_PLLSAIConfig                         0x080273b9   Thumb Code    20  stm32f4xx_rcc.o(.text)
    RCC_PLLSAICmd                            0x080273cd   Thumb Code     6  stm32f4xx_rcc.o(.text)
    RCC_ClockSecuritySystemCmd               0x080273d3   Thumb Code     6  stm32f4xx_rcc.o(.text)
    RCC_MCO1Config                           0x080273d9   Thumb Code    28  stm32f4xx_rcc.o(.text)
    RCC_MCO2Config                           0x080273f5   Thumb Code    28  stm32f4xx_rcc.o(.text)
    RCC_SYSCLKConfig                         0x08027411   Thumb Code    20  stm32f4xx_rcc.o(.text)
    RCC_GetSYSCLKSource                      0x08027425   Thumb Code    12  stm32f4xx_rcc.o(.text)
    RCC_HCLKConfig                           0x08027431   Thumb Code    20  stm32f4xx_rcc.o(.text)
    RCC_PCLK1Config                          0x08027445   Thumb Code    20  stm32f4xx_rcc.o(.text)
    RCC_PCLK2Config                          0x08027459   Thumb Code    22  stm32f4xx_rcc.o(.text)
    RCC_GetClocksFreq                        0x0802746f   Thumb Code   222  stm32f4xx_rcc.o(.text)
    RCC_RTCCLKConfig                         0x0802754d   Thumb Code    54  stm32f4xx_rcc.o(.text)
    RCC_RTCCLKCmd                            0x08027583   Thumb Code     8  stm32f4xx_rcc.o(.text)
    RCC_BackupResetCmd                       0x0802758b   Thumb Code     8  stm32f4xx_rcc.o(.text)
    RCC_I2SCLKConfig                         0x08027593   Thumb Code     6  stm32f4xx_rcc.o(.text)
    RCC_SAIBlockACLKConfig                   0x08027599   Thumb Code    20  stm32f4xx_rcc.o(.text)
    RCC_SAIBlockBCLKConfig                   0x080275ad   Thumb Code    20  stm32f4xx_rcc.o(.text)
    RCC_SAIPLLI2SClkDivConfig                0x080275c1   Thumb Code    26  stm32f4xx_rcc.o(.text)
    RCC_SAIPLLSAIClkDivConfig                0x080275db   Thumb Code    28  stm32f4xx_rcc.o(.text)
    RCC_LTDCCLKDivConfig                     0x080275f7   Thumb Code    20  stm32f4xx_rcc.o(.text)
    RCC_TIMCLKPresConfig                     0x0802760b   Thumb Code     6  stm32f4xx_rcc.o(.text)
    RCC_AHB1PeriphClockCmd                   0x08027611   Thumb Code    34  stm32f4xx_rcc.o(.text)
    RCC_AHB2PeriphClockCmd                   0x08027633   Thumb Code    78  stm32f4xx_rcc.o(.text)
    RCC_AHB3PeriphClockCmd                   0x08027681   Thumb Code    34  stm32f4xx_rcc.o(.text)
    RCC_APB1PeriphClockCmd                   0x080276a3   Thumb Code    34  stm32f4xx_rcc.o(.text)
    RCC_APB2PeriphClockCmd                   0x080276c5   Thumb Code    34  stm32f4xx_rcc.o(.text)
    RCC_AHB1PeriphResetCmd                   0x080276e7   Thumb Code    34  stm32f4xx_rcc.o(.text)
    RCC_AHB2PeriphResetCmd                   0x08027709   Thumb Code    34  stm32f4xx_rcc.o(.text)
    RCC_AHB3PeriphResetCmd                   0x0802772b   Thumb Code    34  stm32f4xx_rcc.o(.text)
    RCC_APB1PeriphResetCmd                   0x0802774d   Thumb Code    34  stm32f4xx_rcc.o(.text)
    RCC_APB2PeriphResetCmd                   0x0802776f   Thumb Code    34  stm32f4xx_rcc.o(.text)
    RCC_AHB1PeriphClockLPModeCmd             0x08027791   Thumb Code    34  stm32f4xx_rcc.o(.text)
    RCC_AHB2PeriphClockLPModeCmd             0x080277b3   Thumb Code    34  stm32f4xx_rcc.o(.text)
    RCC_AHB3PeriphClockLPModeCmd             0x080277d5   Thumb Code    34  stm32f4xx_rcc.o(.text)
    RCC_APB1PeriphClockLPModeCmd             0x080277f7   Thumb Code    34  stm32f4xx_rcc.o(.text)
    RCC_APB2PeriphClockLPModeCmd             0x08027819   Thumb Code    34  stm32f4xx_rcc.o(.text)
    RCC_LSEModeConfig                        0x0802783b   Thumb Code    40  stm32f4xx_rcc.o(.text)
    RCC_ITConfig                             0x08027863   Thumb Code    34  stm32f4xx_rcc.o(.text)
    RCC_ClearFlag                            0x08027885   Thumb Code    18  stm32f4xx_rcc.o(.text)
    RCC_GetITStatus                          0x08027897   Thumb Code    22  stm32f4xx_rcc.o(.text)
    RCC_ClearITPendingBit                    0x080278ad   Thumb Code     8  stm32f4xx_rcc.o(.text)
    IWDG_WriteAccessCmd                      0x080278b9   Thumb Code     6  stm32f4xx_iwdg.o(.text)
    IWDG_SetPrescaler                        0x080278bf   Thumb Code     6  stm32f4xx_iwdg.o(.text)
    IWDG_SetReload                           0x080278c5   Thumb Code     6  stm32f4xx_iwdg.o(.text)
    IWDG_ReloadCounter                       0x080278cb   Thumb Code    10  stm32f4xx_iwdg.o(.text)
    IWDG_Enable                              0x080278d5   Thumb Code    10  stm32f4xx_iwdg.o(.text)
    IWDG_GetFlagStatus                       0x080278df   Thumb Code    20  stm32f4xx_iwdg.o(.text)
    malloc                                   0x080278f9   Thumb Code    94  h1_alloc.o(.text)
    free                                     0x08027957   Thumb Code    78  h1_free.o(.text)
    atoi                                     0x080279a5   Thumb Code    26  atoi.o(.text)
    memcmp                                   0x080279bf   Thumb Code    88  memcmp.o(.text)
    strcpy                                   0x08027a17   Thumb Code    72  strcpy.o(.text)
    strlen                                   0x08027a5f   Thumb Code    62  strlen.o(.text)
    strncmp                                  0x08027a9d   Thumb Code   150  strncmp.o(.text)
    strcat                                   0x08027b33   Thumb Code    24  strcat.o(.text)
    __aeabi_memcpy                           0x08027b4b   Thumb Code     0  rt_memcpy_v6.o(.text)
    __rt_memcpy                              0x08027b4b   Thumb Code   138  rt_memcpy_v6.o(.text)
    _memcpy_lastbytes                        0x08027bb1   Thumb Code     0  rt_memcpy_v6.o(.text)
    __aeabi_memcpy4                          0x08027bd5   Thumb Code     0  rt_memcpy_w.o(.text)
    __aeabi_memcpy8                          0x08027bd5   Thumb Code     0  rt_memcpy_w.o(.text)
    __rt_memcpy_w                            0x08027bd5   Thumb Code   100  rt_memcpy_w.o(.text)
    _memcpy_lastbytes_aligned                0x08027c1d   Thumb Code     0  rt_memcpy_w.o(.text)
    __aeabi_memclr                           0x08027c39   Thumb Code     0  rt_memclr.o(.text)
    __rt_memclr                              0x08027c39   Thumb Code    68  rt_memclr.o(.text)
    _memset                                  0x08027c3d   Thumb Code     0  rt_memclr.o(.text)
    __aeabi_memclr4                          0x08027c7d   Thumb Code     0  rt_memclr_w.o(.text)
    __aeabi_memclr8                          0x08027c7d   Thumb Code     0  rt_memclr_w.o(.text)
    __rt_memclr_w                            0x08027c7d   Thumb Code    78  rt_memclr_w.o(.text)
    _memset_w                                0x08027c81   Thumb Code     0  rt_memclr_w.o(.text)
    strncpy                                  0x08027ccb   Thumb Code    86  strncpy.o(.text)
    strcmp                                   0x08027d21   Thumb Code   128  strcmpv7m.o(.text)
    __use_two_region_memory                  0x08027da1   Thumb Code     2  heapauxi.o(.text)
    __rt_heap_escrow                         0x08027da3   Thumb Code     2  heapauxi.o(.text)
    __rt_heap_expand                         0x08027da5   Thumb Code     2  heapauxi.o(.text)
    __rt_heap_descriptor                     0x08027da9   Thumb Code     8  rt_heap_descriptor_intlibspace.o(.text)
    __aeabi_errno_addr                       0x08027db1   Thumb Code     8  rt_errno_addr_intlibspace.o(.text)
    __errno$intlibspace                      0x08027db1   Thumb Code     0  rt_errno_addr_intlibspace.o(.text)
    __rt_errno_addr$intlibspace              0x08027db1   Thumb Code     0  rt_errno_addr_intlibspace.o(.text)
    __use_no_heap                            0x08027db9   Thumb Code     2  hguard.o(.text)
    __heap$guard                             0x08027dbb   Thumb Code     2  hguard.o(.text)
    _terminate_user_alloc                    0x08027dbd   Thumb Code     2  init_alloc.o(.text)
    _init_user_alloc                         0x08027dbf   Thumb Code     2  init_alloc.o(.text)
    __Heap_Full                              0x08027dc1   Thumb Code    34  init_alloc.o(.text)
    __Heap_Broken                            0x08027de3   Thumb Code     6  init_alloc.o(.text)
    _init_alloc                              0x08027de9   Thumb Code    94  init_alloc.o(.text)
    __Heap_Initialize                        0x08027e47   Thumb Code    10  h1_init.o(.text)
    __Heap_DescSize                          0x08027e51   Thumb Code     4  h1_init.o(.text)
    strtol                                   0x08027e55   Thumb Code   112  strtol.o(.text)
    __user_libspace                          0x08027ec5   Thumb Code     8  libspace.o(.text)
    __user_perproc_libspace                  0x08027ec5   Thumb Code     0  libspace.o(.text)
    __user_perthread_libspace                0x08027ec5   Thumb Code     0  libspace.o(.text)
    __rt_ctype_table                         0x08027ecd   Thumb Code    16  rt_ctype_table.o(.text)
    __Heap_ProvideMemory                     0x08027edd   Thumb Code    52  h1_extend.o(.text)
    _strtoul                                 0x08027f11   Thumb Code   158  _strtoul.o(.text)
    __rt_SIGRTMEM                            0x08027faf   Thumb Code    14  defsig_rtmem_outer.o(.text)
    __I$use$semihosting                      0x08027fbd   Thumb Code     0  use_no_semi.o(.text)
    __use_no_semihosting_swi                 0x08027fbd   Thumb Code     2  use_no_semi.o(.text)
    __semihosting_library_function           0x08027fbf   Thumb Code     0  indicate_semi.o(.text)
    __user_setup_stackheap                   0x08027fbf   Thumb Code    74  sys_stackheap_outer.o(.text)
    __rt_locale                              0x08028009   Thumb Code     8  rt_locale_intlibspace.o(.text)
    _chval                                   0x08028011   Thumb Code    28  _chval.o(.text)
    exit                                     0x0802802d   Thumb Code    18  exit.o(.text)
    __sig_exit                               0x0802803f   Thumb Code    10  defsig_exit.o(.text)
    __rt_SIGRTMEM_inner                      0x08028049   Thumb Code    22  defsig_rtmem_inner.o(.text)
    _sys_exit                                0x08028099   Thumb Code     8  sys_exit.o(.text)
    __default_signal_display                 0x080280a5   Thumb Code    50  defsig_general.o(.text)
    _ttywrch                                 0x080280d7   Thumb Code    14  sys_wrch.o(.text)
    _get_lc_ctype                            0x080280e5   Thumb Code    44  lc_ctype_c.o(locale$$code)
    _fp_init                                 0x08028111   Thumb Code    10  fpinit.o(x$fpl$fpinit)
    __fplib_config_fpu_vfp                   0x08028119   Thumb Code     0  fpinit.o(x$fpl$fpinit)
    __fplib_config_pureend_doubles           0x08028119   Thumb Code     0  fpinit.o(x$fpl$fpinit)
    __lowest_bit_bitmap                      0x08028475   Data         256  kservice.o(.constdata)
    op_table                                 0x08028abc   Data         196  finsh_ops.o(.constdata)
    px_fp                                    0x08028cc0   Data           4  lv_draw.o(.constdata)
    fill_fp                                  0x08028cc4   Data           4  lv_draw.o(.constdata)
    letter_fp                                0x08028cc8   Data           4  lv_draw.o(.constdata)
    map_fp                                   0x08028ccc   Data           4  lv_draw.o(.constdata)
    FSMC_DefaultTimingStruct                 0x08031478   Data          28  stm32f4xx_fsmc.o(.constdata)
    __fsym_list_mem_name                     0x08031c5f   Data           9  mem.o(.rodata.name)
    __fsym_list_mem_desc                     0x08031c68   Data          30  mem.o(.rodata.name)
    __fsym_pinMode_name                      0x08031c86   Data           8  pin.o(.rodata.name)
    __fsym_pinMode_desc                      0x08031c8e   Data          22  pin.o(.rodata.name)
    __fsym_pinWrite_name                     0x08031ca4   Data           9  pin.o(.rodata.name)
    __fsym_pinWrite_desc                     0x08031cad   Data          28  pin.o(.rodata.name)
    __fsym_pinRead_name                      0x08031cc9   Data           8  pin.o(.rodata.name)
    __fsym_pinRead_desc                      0x08031cd1   Data          30  pin.o(.rodata.name)
    __fsym_hello_name                        0x08031cef   Data           6  cmd.o(.rodata.name)
    __fsym_hello_desc                        0x08031cf5   Data          16  cmd.o(.rodata.name)
    __fsym_version_name                      0x08031d05   Data           8  cmd.o(.rodata.name)
    __fsym_version_desc                      0x08031d0d   Data          35  cmd.o(.rodata.name)
    __fsym___cmd_version_name                0x08031d30   Data          14  cmd.o(.rodata.name)
    __fsym___cmd_version_desc                0x08031d3e   Data          35  cmd.o(.rodata.name)
    __fsym_list_thread_name                  0x08031d61   Data          12  cmd.o(.rodata.name)
    __fsym_list_thread_desc                  0x08031d6d   Data          12  cmd.o(.rodata.name)
    __fsym___cmd_list_thread_name            0x08031d79   Data          18  cmd.o(.rodata.name)
    __fsym___cmd_list_thread_desc            0x08031d8b   Data          12  cmd.o(.rodata.name)
    __fsym_list_sem_name                     0x08031d97   Data           9  cmd.o(.rodata.name)
    __fsym_list_sem_desc                     0x08031da0   Data          25  cmd.o(.rodata.name)
    __fsym___cmd_list_sem_name               0x08031db9   Data          15  cmd.o(.rodata.name)
    __fsym___cmd_list_sem_desc               0x08031dc8   Data          25  cmd.o(.rodata.name)
    __fsym_list_event_name                   0x08031de1   Data          11  cmd.o(.rodata.name)
    __fsym_list_event_desc                   0x08031dec   Data          21  cmd.o(.rodata.name)
    __fsym___cmd_list_event_name             0x08031e01   Data          17  cmd.o(.rodata.name)
    __fsym___cmd_list_event_desc             0x08031e12   Data          21  cmd.o(.rodata.name)
    __fsym_list_mutex_name                   0x08031e27   Data          11  cmd.o(.rodata.name)
    __fsym_list_mutex_desc                   0x08031e32   Data          21  cmd.o(.rodata.name)
    __fsym___cmd_list_mutex_name             0x08031e47   Data          17  cmd.o(.rodata.name)
    __fsym___cmd_list_mutex_desc             0x08031e58   Data          21  cmd.o(.rodata.name)
    __fsym_list_mailbox_name                 0x08031e6d   Data          13  cmd.o(.rodata.name)
    __fsym_list_mailbox_desc                 0x08031e7a   Data          24  cmd.o(.rodata.name)
    __fsym___cmd_list_mailbox_name           0x08031e92   Data          19  cmd.o(.rodata.name)
    __fsym___cmd_list_mailbox_desc           0x08031ea5   Data          24  cmd.o(.rodata.name)
    __fsym_list_msgqueue_name                0x08031ebd   Data          14  cmd.o(.rodata.name)
    __fsym_list_msgqueue_desc                0x08031ecb   Data          29  cmd.o(.rodata.name)
    __fsym___cmd_list_msgqueue_name          0x08031ee8   Data          20  cmd.o(.rodata.name)
    __fsym___cmd_list_msgqueue_desc          0x08031efc   Data          29  cmd.o(.rodata.name)
    __fsym_list_memheap_name                 0x08031f19   Data          13  cmd.o(.rodata.name)
    __fsym_list_memheap_desc                 0x08031f26   Data          27  cmd.o(.rodata.name)
    __fsym___cmd_list_memheap_name           0x08031f41   Data          19  cmd.o(.rodata.name)
    __fsym___cmd_list_memheap_desc           0x08031f54   Data          27  cmd.o(.rodata.name)
    __fsym_list_mempool_name                 0x08031f6f   Data          13  cmd.o(.rodata.name)
    __fsym_list_mempool_desc                 0x08031f7c   Data          27  cmd.o(.rodata.name)
    __fsym___cmd_list_mempool_name           0x08031f97   Data          19  cmd.o(.rodata.name)
    __fsym___cmd_list_mempool_desc           0x08031faa   Data          27  cmd.o(.rodata.name)
    __fsym_list_timer_name                   0x08031fc5   Data          11  cmd.o(.rodata.name)
    __fsym_list_timer_desc                   0x08031fd0   Data          21  cmd.o(.rodata.name)
    __fsym___cmd_list_timer_name             0x08031fe5   Data          17  cmd.o(.rodata.name)
    __fsym___cmd_list_timer_desc             0x08031ff6   Data          21  cmd.o(.rodata.name)
    __fsym_list_device_name                  0x0803200b   Data          12  cmd.o(.rodata.name)
    __fsym_list_device_desc                  0x08032017   Data          22  cmd.o(.rodata.name)
    __fsym___cmd_list_device_name            0x0803202d   Data          18  cmd.o(.rodata.name)
    __fsym___cmd_list_device_desc            0x0803203f   Data          22  cmd.o(.rodata.name)
    __fsym_list_name                         0x08032055   Data           5  cmd.o(.rodata.name)
    __fsym_list_desc                         0x0803205a   Data          26  cmd.o(.rodata.name)
    __vsym_dummy_name                        0x08032074   Data           6  cmd.o(.rodata.name)
    __vsym_dummy_desc                        0x0803207a   Data          25  cmd.o(.rodata.name)
    __fsym___cmd_exit_name                   0x08032093   Data          11  msh.o(.rodata.name)
    __fsym___cmd_exit_desc                   0x0803209e   Data          32  msh.o(.rodata.name)
    __fsym_msh_name                          0x080320be   Data           4  msh.o(.rodata.name)
    __fsym_msh_desc                          0x080320c2   Data          17  msh.o(.rodata.name)
    __fsym___cmd_help_name                   0x080320d3   Data          11  msh.o(.rodata.name)
    __fsym___cmd_help_desc                   0x080320de   Data          22  msh.o(.rodata.name)
    __fsym___cmd_ps_name                     0x080320f4   Data           9  msh_cmd.o(.rodata.name)
    __fsym___cmd_ps_desc                     0x080320fd   Data          28  msh_cmd.o(.rodata.name)
    __fsym___cmd_time_name                   0x08032119   Data          11  msh_cmd.o(.rodata.name)
    __fsym___cmd_time_desc                   0x08032124   Data          27  msh_cmd.o(.rodata.name)
    __fsym___cmd_free_name                   0x0803213f   Data          11  msh_cmd.o(.rodata.name)
    __fsym___cmd_free_desc                   0x0803214a   Data          37  msh_cmd.o(.rodata.name)
    __rt_init_rti_start                      0x08032170   Data           4  components.o(.rti_fn.0)
    __rt_init_rti_board_start                0x08032174   Data           4  components.o(.rti_fn.0.end)
    __rt_init_stm32_hw_usart_init            0x08032178   Data           4  usart.o(.rti_fn.1)
    __rt_init_rti_board_end                  0x0803217c   Data           4  components.o(.rti_fn.1.end)
    __rt_init_finsh_system_init              0x08032180   Data           4  shell.o(.rti_fn.6)
    __rt_init_rti_end                        0x08032184   Data           4  components.o(.rti_fn.6.end)
    FSymTab$$Base                            0x08032188   Number         0  mem.o(FSymTab)
    __fsym_list_mem                          0x08032188   Data          12  mem.o(FSymTab)
    __fsym_pinMode                           0x08032194   Data          12  pin.o(FSymTab)
    __fsym_pinWrite                          0x080321a0   Data          12  pin.o(FSymTab)
    __fsym_pinRead                           0x080321ac   Data          12  pin.o(FSymTab)
    __fsym_hello                             0x080321b8   Data          12  cmd.o(FSymTab)
    __fsym_version                           0x080321c4   Data          12  cmd.o(FSymTab)
    __fsym___cmd_version                     0x080321d0   Data          12  cmd.o(FSymTab)
    __fsym_list_thread                       0x080321dc   Data          12  cmd.o(FSymTab)
    __fsym___cmd_list_thread                 0x080321e8   Data          12  cmd.o(FSymTab)
    __fsym_list_sem                          0x080321f4   Data          12  cmd.o(FSymTab)
    __fsym___cmd_list_sem                    0x08032200   Data          12  cmd.o(FSymTab)
    __fsym_list_event                        0x0803220c   Data          12  cmd.o(FSymTab)
    __fsym___cmd_list_event                  0x08032218   Data          12  cmd.o(FSymTab)
    __fsym_list_mutex                        0x08032224   Data          12  cmd.o(FSymTab)
    __fsym___cmd_list_mutex                  0x08032230   Data          12  cmd.o(FSymTab)
    __fsym_list_mailbox                      0x0803223c   Data          12  cmd.o(FSymTab)
    __fsym___cmd_list_mailbox                0x08032248   Data          12  cmd.o(FSymTab)
    __fsym_list_msgqueue                     0x08032254   Data          12  cmd.o(FSymTab)
    __fsym___cmd_list_msgqueue               0x08032260   Data          12  cmd.o(FSymTab)
    __fsym_list_memheap                      0x0803226c   Data          12  cmd.o(FSymTab)
    __fsym___cmd_list_memheap                0x08032278   Data          12  cmd.o(FSymTab)
    __fsym_list_mempool                      0x08032284   Data          12  cmd.o(FSymTab)
    __fsym___cmd_list_mempool                0x08032290   Data          12  cmd.o(FSymTab)
    __fsym_list_timer                        0x0803229c   Data          12  cmd.o(FSymTab)
    __fsym___cmd_list_timer                  0x080322a8   Data          12  cmd.o(FSymTab)
    __fsym_list_device                       0x080322b4   Data          12  cmd.o(FSymTab)
    __fsym___cmd_list_device                 0x080322c0   Data          12  cmd.o(FSymTab)
    __fsym_list                              0x080322cc   Data          12  cmd.o(FSymTab)
    __fsym___cmd_exit                        0x080322d8   Data          12  msh.o(FSymTab)
    __fsym_msh                               0x080322e4   Data          12  msh.o(FSymTab)
    __fsym___cmd_help                        0x080322f0   Data          12  msh.o(FSymTab)
    __fsym___cmd_ps                          0x080322fc   Data          12  msh_cmd.o(FSymTab)
    __fsym___cmd_time                        0x08032308   Data          12  msh_cmd.o(FSymTab)
    __fsym___cmd_free                        0x08032314   Data          12  msh_cmd.o(FSymTab)
    FSymTab$$Limit                           0x08032320   Number         0  msh_cmd.o(FSymTab)
    Region$$Table$$Base                      0x08032320   Number         0  anon$$obj.o(Region$$Table)
    Region$$Table$$Limit                     0x08032340   Number         0  anon$$obj.o(Region$$Table)
    VSymTab$$Base                            0x08032340   Number         0  cmd.o(VSymTab)
    __vsym_dummy                             0x08032340   Data          16  cmd.o(VSymTab)
    VSymTab$$Limit                           0x08032350   Number         0  cmd.o(VSymTab)
    __ctype                                  0x0803235d   Data           0  lc_ctype_c.o(locale$$data)
    sys_delay                                0x20000000   Data           8  delay.o(.data)
    uart1                                    0x2000000c   Data          32  usart.o(.data)
    uart2                                    0x2000002c   Data          32  usart.o(.data)
    uart3                                    0x2000004c   Data          32  usart.o(.data)
    rt_interrupt_from_thread                 0x2000006c   Data           4  cpuport.o(.data)
    rt_interrupt_to_thread                   0x20000070   Data           4  cpuport.o(.data)
    rt_thread_switch_interrupt_flag          0x20000074   Data           4  cpuport.o(.data)
    rt_interrupt_nest                        0x20000088   Data           1  irq.o(.data)
    rt_assert_hook                           0x20000094   Data           4  kservice.o(.data)
    rt_object_trytake_hook                   0x20000160   Data           4  object.o(.data)
    rt_object_take_hook                      0x20000164   Data           4  object.o(.data)
    rt_object_put_hook                       0x20000168   Data           4  object.o(.data)
    rt_thread_ready_priority_group           0x2000016c   Data           4  scheduler.o(.data)
    rt_current_thread                        0x20000174   Data           4  scheduler.o(.data)
    rt_current_priority                      0x20000178   Data           1  scheduler.o(.data)
    rt_thread_defunct                        0x2000017c   Data           8  scheduler.o(.data)
    shell                                    0x200001a8   Data           4  shell.o(.data)
    _syscall_table_begin                     0x200001b0   Data           4  symbol.o(.data)
    _syscall_table_end                       0x200001b4   Data           4  symbol.o(.data)
    _sysvar_table_begin                      0x200001b8   Data           4  symbol.o(.data)
    _sysvar_table_end                        0x200001bc   Data           4  symbol.o(.data)
    finsh_compile_sp                         0x200001c4   Data           4  finsh_compiler.o(.data)
    finsh_compile_pc                         0x200001c8   Data           4  finsh_compiler.o(.data)
    global_errno                             0x200001cc   Data           1  finsh_error.o(.data)
    global_sysvar_list                       0x20000214   Data           4  finsh_var.o(.data)
    finsh_sp                                 0x20000218   Data           4  finsh_vm.o(.data)
    finsh_pc                                 0x2000021c   Data           4  finsh_vm.o(.data)
    global_syscall_list                      0x20000220   Data           4  finsh_vm.o(.data)
    SystemCoreClock                          0x20000228   Data           4  system_stm32f4xx.o(.data)
    AHBPrescTable                            0x2000022c   Data          16  system_stm32f4xx.o(.data)
    lv_font_dejavu_20                        0x200002b4   Data          40  lv_font_dejavu_20.o(.data)
    lv_font_dejavu_20_cyrillic               0x200002dc   Data          40  lv_font_dejavu_20_cyrillic.o(.data)
    lv_font_dejavu_20_latin_sup              0x20000304   Data          40  lv_font_dejavu_20_latin_sup.o(.data)
    lv_font_symbol_20                        0x2000032c   Data          40  lv_font_symbol_20.o(.data)
    _lv_def_scr                              0x20000368   Data           4  lv_gc.o(.data)
    _lv_act_scr                              0x2000036c   Data           4  lv_gc.o(.data)
    _lv_top_layer                            0x20000370   Data           4  lv_gc.o(.data)
    _lv_sys_layer                            0x20000374   Data           4  lv_gc.o(.data)
    _lv_task_act                             0x20000378   Data           4  lv_gc.o(.data)
    _lv_indev_list                           0x2000037c   Data           4  lv_gc.o(.data)
    _lv_disp_list                            0x20000380   Data           4  lv_gc.o(.data)
    lv_txt_encoded_size                      0x2000045c   Data           4  lv_txt.o(.data)
    lv_txt_unicode_to_encoded                0x20000460   Data           4  lv_txt.o(.data)
    lv_txt_encoded_conv_wc                   0x20000464   Data           4  lv_txt.o(.data)
    lv_txt_encoded_next                      0x20000468   Data           4  lv_txt.o(.data)
    lv_txt_encoded_prev                      0x2000046c   Data           4  lv_txt.o(.data)
    lv_txt_encoded_get_byte_id               0x20000470   Data           4  lv_txt.o(.data)
    lv_encoded_get_char_id                   0x20000474   Data           4  lv_txt.o(.data)
    lv_txt_get_encoded_length                0x20000478   Data           4  lv_txt.o(.data)
    serial1                                  0x200007ac   Data          84  usart.o(.bss)
    serial2                                  0x20000800   Data          84  usart.o(.bss)
    serial3                                  0x20000854   Data          84  usart.o(.bss)
    rt_thread_priority_table                 0x20000dd8   Data         256  scheduler.o(.bss)
    finsh_heap                               0x20000fa0   Data         128  finsh_heap.o(.bss)
    global_node_table                        0x20001020   Data         320  finsh_node.o(.bss)
    global_variable                          0x20001160   Data         192  finsh_var.o(.bss)
    finsh_vm_stack                           0x20001220   Data         256  finsh_vm.o(.bss)
    text_segment                             0x20001320   Data         128  finsh_vm.o(.bss)
    lv_style_scr                             0x200014e0   Data          60  lv_style.o(.bss)
    lv_style_transp                          0x2000151c   Data          60  lv_style.o(.bss)
    lv_style_transp_fit                      0x20001558   Data          60  lv_style.o(.bss)
    lv_style_transp_tight                    0x20001594   Data          60  lv_style.o(.bss)
    lv_style_plain                           0x200015d0   Data          60  lv_style.o(.bss)
    lv_style_plain_color                     0x2000160c   Data          60  lv_style.o(.bss)
    lv_style_pretty                          0x20001648   Data          60  lv_style.o(.bss)
    lv_style_pretty_color                    0x20001684   Data          60  lv_style.o(.bss)
    lv_style_btn_rel                         0x200016c0   Data          60  lv_style.o(.bss)
    lv_style_btn_pr                          0x200016fc   Data          60  lv_style.o(.bss)
    lv_style_btn_tgl_rel                     0x20001738   Data          60  lv_style.o(.bss)
    lv_style_btn_tgl_pr                      0x20001774   Data          60  lv_style.o(.bss)
    lv_style_btn_ina                         0x200017b0   Data          60  lv_style.o(.bss)
    _lv_task_ll                              0x200095ac   Data          12  lv_gc.o(.bss)
    _lv_scr_ll                               0x200095b8   Data          12  lv_gc.o(.bss)
    _lv_drv_ll                               0x200095c4   Data          12  lv_gc.o(.bss)
    _lv_file_ll                              0x200095d0   Data          12  lv_gc.o(.bss)
    _lv_anim_ll                              0x200095dc   Data          12  lv_gc.o(.bss)
    __libspace_start                         0x2000debc   Data          96  libspace.o(.bss)
    __temporary_stack_top$libspace           0x2000df1c   Data           0  libspace.o(.bss)
    Image$$RW_IRAM1$$ZI$$Limit               0x2000e520   Number         0  anon$$obj.o ABSOLUTE



==============================================================================

Memory Map of the image

  Image Entry point : 0x08000189

  Load Region LR_IROM1 (Base: 0x08000000, Size: 0x00032c0c, Max: 0x00080000, ABSOLUTE, COMPRESSED[0x000327e8])

    Execution Region ER_IROM1 (Exec base: 0x08000000, Load base: 0x08000000, Size: 0x00032460, Max: 0x00080000, ABSOLUTE)

    Exec Addr    Load Addr    Size         Type   Attr      Idx    E Section Name        Object

    0x08000000   0x08000000   0x00000188   Data   RO         1675    RESET               startup_stm32f40xx.o
    0x08000188   0x08000188   0x00000008   Code   RO         5314  * !!!main             c_w.l(__main.o)
    0x08000190   0x08000190   0x00000034   Code   RO         5538    !!!scatter          c_w.l(__scatter.o)
    0x080001c4   0x080001c4   0x0000005a   Code   RO         5536    !!dczerorl2         c_w.l(__dczerorl2.o)
    0x0800021e   0x0800021e   0x00000002   PAD
    0x08000220   0x08000220   0x0000001c   Code   RO         5540    !!handler_zi        c_w.l(__scatter_zi.o)
    0x0800023c   0x0800023c   0x00000002   Code   RO         5475    .ARM.Collect$$libinit$$00000000  c_w.l(libinit.o)
    0x0800023e   0x0800023e   0x00000004   Code   RO         5353    .ARM.Collect$$libinit$$00000001  c_w.l(libinit2.o)
    0x08000242   0x08000242   0x00000000   Code   RO         5356    .ARM.Collect$$libinit$$00000004  c_w.l(libinit2.o)
    0x08000242   0x08000242   0x00000008   Code   RO         5357    .ARM.Collect$$libinit$$00000005  c_w.l(libinit2.o)
    0x0800024a   0x0800024a   0x00000000   Code   RO         5359    .ARM.Collect$$libinit$$0000000A  c_w.l(libinit2.o)
    0x0800024a   0x0800024a   0x00000000   Code   RO         5361    .ARM.Collect$$libinit$$0000000C  c_w.l(libinit2.o)
    0x0800024a   0x0800024a   0x00000000   Code   RO         5363    .ARM.Collect$$libinit$$0000000E  c_w.l(libinit2.o)
    0x0800024a   0x0800024a   0x00000006   Code   RO         5364    .ARM.Collect$$libinit$$0000000F  c_w.l(libinit2.o)
    0x08000250   0x08000250   0x00000000   Code   RO         5366    .ARM.Collect$$libinit$$00000011  c_w.l(libinit2.o)
    0x08000250   0x08000250   0x0000000c   Code   RO         5367    .ARM.Collect$$libinit$$00000012  c_w.l(libinit2.o)
    0x0800025c   0x0800025c   0x00000000   Code   RO         5368    .ARM.Collect$$libinit$$00000013  c_w.l(libinit2.o)
    0x0800025c   0x0800025c   0x00000000   Code   RO         5370    .ARM.Collect$$libinit$$00000015  c_w.l(libinit2.o)
    0x0800025c   0x0800025c   0x00000000   Code   RO         5372    .ARM.Collect$$libinit$$00000017  c_w.l(libinit2.o)
    0x0800025c   0x0800025c   0x00000000   Code   RO         5374    .ARM.Collect$$libinit$$00000019  c_w.l(libinit2.o)
    0x0800025c   0x0800025c   0x00000000   Code   RO         5376    .ARM.Collect$$libinit$$0000001B  c_w.l(libinit2.o)
    0x0800025c   0x0800025c   0x00000000   Code   RO         5378    .ARM.Collect$$libinit$$0000001D  c_w.l(libinit2.o)
    0x0800025c   0x0800025c   0x00000000   Code   RO         5380    .ARM.Collect$$libinit$$0000001F  c_w.l(libinit2.o)
    0x0800025c   0x0800025c   0x00000000   Code   RO         5382    .ARM.Collect$$libinit$$00000021  c_w.l(libinit2.o)
    0x0800025c   0x0800025c   0x00000000   Code   RO         5384    .ARM.Collect$$libinit$$00000023  c_w.l(libinit2.o)
    0x0800025c   0x0800025c   0x00000000   Code   RO         5386    .ARM.Collect$$libinit$$00000025  c_w.l(libinit2.o)
    0x0800025c   0x0800025c   0x00000000   Code   RO         5390    .ARM.Collect$$libinit$$0000002C  c_w.l(libinit2.o)
    0x0800025c   0x0800025c   0x00000000   Code   RO         5392    .ARM.Collect$$libinit$$0000002E  c_w.l(libinit2.o)
    0x0800025c   0x0800025c   0x00000000   Code   RO         5394    .ARM.Collect$$libinit$$00000030  c_w.l(libinit2.o)
    0x0800025c   0x0800025c   0x00000000   Code   RO         5396    .ARM.Collect$$libinit$$00000032  c_w.l(libinit2.o)
    0x0800025c   0x0800025c   0x00000002   Code   RO         5397    .ARM.Collect$$libinit$$00000033  c_w.l(libinit2.o)
    0x0800025e   0x0800025e   0x00000002   Code   RO         5533    .ARM.Collect$$libshutdown$$00000000  c_w.l(libshutdown.o)
    0x08000260   0x08000260   0x00000000   Code   RO         5489    .ARM.Collect$$libshutdown$$00000002  c_w.l(libshutdown2.o)
    0x08000260   0x08000260   0x00000000   Code   RO         5491    .ARM.Collect$$libshutdown$$00000004  c_w.l(libshutdown2.o)
    0x08000260   0x08000260   0x00000000   Code   RO         5494    .ARM.Collect$$libshutdown$$00000007  c_w.l(libshutdown2.o)
    0x08000260   0x08000260   0x00000000   Code   RO         5497    .ARM.Collect$$libshutdown$$0000000A  c_w.l(libshutdown2.o)
    0x08000260   0x08000260   0x00000000   Code   RO         5499    .ARM.Collect$$libshutdown$$0000000C  c_w.l(libshutdown2.o)
    0x08000260   0x08000260   0x00000000   Code   RO         5502    .ARM.Collect$$libshutdown$$0000000F  c_w.l(libshutdown2.o)
    0x08000260   0x08000260   0x00000002   Code   RO         5503    .ARM.Collect$$libshutdown$$00000010  c_w.l(libshutdown2.o)
    0x08000262   0x08000262   0x00000000   Code   RO         5318    .ARM.Collect$$rtentry$$00000000  c_w.l(__rtentry.o)
    0x08000262   0x08000262   0x00000000   Code   RO         5404    .ARM.Collect$$rtentry$$00000002  c_w.l(__rtentry2.o)
    0x08000262   0x08000262   0x00000006   Code   RO         5416    .ARM.Collect$$rtentry$$00000004  c_w.l(__rtentry4.o)
    0x08000268   0x08000268   0x00000000   Code   RO         5406    .ARM.Collect$$rtentry$$00000009  c_w.l(__rtentry2.o)
    0x08000268   0x08000268   0x00000004   Code   RO         5407    .ARM.Collect$$rtentry$$0000000A  c_w.l(__rtentry2.o)
    0x0800026c   0x0800026c   0x00000000   Code   RO         5409    .ARM.Collect$$rtentry$$0000000C  c_w.l(__rtentry2.o)
    0x0800026c   0x0800026c   0x00000008   Code   RO         5410    .ARM.Collect$$rtentry$$0000000D  c_w.l(__rtentry2.o)
    0x08000274   0x08000274   0x00000002   Code   RO         5478    .ARM.Collect$$rtexit$$00000000  c_w.l(rtexit.o)
    0x08000276   0x08000276   0x00000000   Code   RO         5507    .ARM.Collect$$rtexit$$00000002  c_w.l(rtexit2.o)
    0x08000276   0x08000276   0x00000004   Code   RO         5508    .ARM.Collect$$rtexit$$00000003  c_w.l(rtexit2.o)
    0x0800027a   0x0800027a   0x00000006   Code   RO         5509    .ARM.Collect$$rtexit$$00000004  c_w.l(rtexit2.o)
    0x08000280   0x08000280   0x00000000   Code   RO         5422    .emb_text           c_w.l(maybetermalloc1.o)
    0x08000280   0x08000280   0x00000018   Code   RO            4    .text               lcd_test.o
    0x08000298   0x08000298   0x000000b4   Code   RO          438    .text               led.o
    0x0800034c   0x0800034c   0x00000070   Code   RO          708    .text               main.o
    0x080003bc   0x080003bc   0x00000114   Code   RO          738    .text               delay.o
    0x080004d0   0x080004d0   0x000000bc   Code   RO          792    .text               board.o
    0x0800058c   0x0800058c   0x000005d0   Code   RO          827    .text               usart.o
    0x08000b5c   0x08000b5c   0x0000055c   Code   RO          894    .text               bsp_lcd.o
    0x080010b8   0x080010b8   0x00000134   Code   RO          918    .text               context_rvds.o
    0x080011ec   0x080011ec   0x0000060c   Code   RO          922    .text               cpuport.o
    0x080017f8   0x080017f8   0x0000006c   Code   RO          938    .text               clock.o
    0x08001864   0x08001864   0x000000d8   Code   RO          952    .text               components.o
    0x0800193c   0x0800193c   0x0000052c   Code   RO          977    .text               device.o
    0x08001e68   0x08001e68   0x000001fc   Code   RO          990    .text               idle.o
    0x08002064   0x08002064   0x00001c08   Code   RO         1009    .text               ipc.o
    0x08003c6c   0x08003c6c   0x0000008c   Code   RO         1027    .text               irq.o
    0x08003cf8   0x08003cf8   0x00000ac4   Code   RO         1042    .text               kservice.o
    0x080047bc   0x080047bc   0x000008b8   Code   RO         1062    .text               mem.o
    0x08005074   0x08005074   0x00000374   Code   RO         1127    .text               object.o
    0x080053e8   0x080053e8   0x0000038c   Code   RO         1146    .text               scheduler.o
    0x08005774   0x08005774   0x000007e0   Code   RO         1188    .text               thread.o
    0x08005f54   0x08005f54   0x000005bc   Code   RO         1208    .text               timer.o
    0x08006510   0x08006510   0x00000c88   Code   RO         1227    .text               serial.o
    0x08007198   0x08007198   0x00000250   Code   RO         1243    .text               pin.o
    0x080073e8   0x080073e8   0x000001cc   Code   RO         1261    .text               completion.o
    0x080075b4   0x080075b4   0x00000424   Code   RO         1277    .text               dataqueue.o
    0x080079d8   0x080079d8   0x00000ae0   Code   RO         1373    .text               shell.o
    0x080084b8   0x080084b8   0x0000113c   Code   RO         1414    .text               cmd.o
    0x080095f4   0x080095f4   0x00001818   Code   RO         1437    .text               finsh_compiler.o
    0x0800ae0c   0x0800ae0c   0x0000002c   Code   RO         1474    .text               finsh_error.o
    0x0800ae38   0x0800ae38   0x00000210   Code   RO         1490    .text               finsh_heap.o
    0x0800b048   0x0800b048   0x00000058   Code   RO         1506    .text               finsh_init.o
    0x0800b0a0   0x0800b0a0   0x00000184   Code   RO         1524    .text               finsh_node.o
    0x0800b224   0x0800b224   0x00000adc   Code   RO         1539    .text               finsh_ops.o
    0x0800bd00   0x0800bd00   0x0000097c   Code   RO         1557    .text               finsh_parser.o
    0x0800c67c   0x0800c67c   0x00000680   Code   RO         1572    .text               finsh_token.o
    0x0800ccfc   0x0800ccfc   0x0000019c   Code   RO         1587    .text               finsh_var.o
    0x0800ce98   0x0800ce98   0x000000e4   Code   RO         1610    .text               finsh_vm.o
    0x0800cf7c   0x0800cf7c   0x00000384   Code   RO         1633    .text               msh.o
    0x0800d300   0x0800d300   0x00000022   Code   RO         1651    .text               msh_cmd.o
    0x0800d322   0x0800d322   0x00000002   PAD
    0x0800d324   0x0800d324   0x00000040   Code   RO         1676    .text               startup_stm32f40xx.o
    0x0800d364   0x0800d364   0x00000210   Code   RO         1683    .text               system_stm32f4xx.o
    0x0800d574   0x0800d574   0x0000070c   Code   RO         1710    .text               lv_group.o
    0x0800dc80   0x0800dc80   0x00000ce8   Code   RO         1761    .text               lv_indev.o
    0x0800e968   0x0800e968   0x00001768   Code   RO         1824    .text               lv_obj.o
    0x080100d0   0x080100d0   0x000006f0   Code   RO         1926    .text               lv_refr.o
    0x080107c0   0x080107c0   0x000009b0   Code   RO         1957    .text               lv_style.o
    0x08011170   0x08011170   0x0000009c   Code   RO         1979    .text               lv_vdb.o
    0x0801120c   0x0801120c   0x000000fc   Code   RO         2041    .text               lv_draw.o
    0x08011308   0x08011308   0x00000e94   Code   RO         2164    .text               lv_draw_img.o
    0x0801219c   0x0801219c   0x000003fc   Code   RO         2196    .text               lv_draw_label.o
    0x08012598   0x08012598   0x000013c4   Code   RO         2235    .text               lv_draw_line.o
    0x0801395c   0x0801395c   0x00002d40   Code   RO         2327    .text               lv_draw_rect.o
    0x0801669c   0x0801669c   0x00000bd0   Code   RO         2381    .text               lv_draw_vbasic.o
    0x0801726c   0x0801726c   0x00000034   Code   RO         2425    .text               lv_font_builtin.o
    0x080172a0   0x080172a0   0x00000288   Code   RO         2596    .text               lv_hal_disp.o
    0x08017528   0x08017528   0x00000134   Code   RO         2661    .text               lv_hal_indev.o
    0x0801765c   0x0801765c   0x0000004c   Code   RO         2692    .text               lv_hal_tick.o
    0x080176a8   0x080176a8   0x00000562   Code   RO         2709    .text               lv_anim.o
    0x08017c0a   0x08017c0a   0x00000216   Code   RO         2748    .text               lv_area.o
    0x08017e20   0x08017e20   0x00000062   Code   RO         2766    .text               lv_circ.o
    0x08017e82   0x08017e82   0x000001de   Code   RO         2799    .text               lv_font.o
    0x08018060   0x08018060   0x000005c8   Code   RO         2821    .text               lv_fs.o
    0x08018628   0x08018628   0x00000306   Code   RO         2849    .text               lv_ll.o
    0x0801892e   0x0801892e   0x00000002   PAD
    0x08018930   0x08018930   0x00000040   Code   RO         2867    .text               lv_log.o
    0x08018970   0x08018970   0x000001a0   Code   RO         2884    .text               lv_math.o
    0x08018b10   0x08018b10   0x00000330   Code   RO         2898    .text               lv_mem.o
    0x08018e40   0x08018e40   0x000003ac   Code   RO         2913    .text               lv_task.o
    0x080191ec   0x080191ec   0x00000798   Code   RO         2935    .text               lv_txt.o
    0x08019984   0x08019984   0x000004b8   Code   RO         2963    .text               lv_ufs.o
    0x08019e3c   0x08019e3c   0x00000674   Code   RO         3095    .text               lv_bar.o
    0x0801a4b0   0x0801a4b0   0x00000b94   Code   RO         3167    .text               lv_btn.o
    0x0801b044   0x0801b044   0x00000ff4   Code   RO         3200    .text               lv_btnm.o
    0x0801c038   0x0801c038   0x00000e12   Code   RO         3378    .text               lv_chart.o
    0x0801ce4a   0x0801ce4a   0x00000002   PAD
    0x0801ce4c   0x0801ce4c   0x00000b10   Code   RO         3418    .text               lv_cont.o
    0x0801d95c   0x0801d95c   0x00000760   Code   RO         3527    .text               lv_img.o
    0x0801e0bc   0x0801e0bc   0x00000600   Code   RO         3580    .text               lv_kb.o
    0x0801e6bc   0x0801e6bc   0x00001038   Code   RO         3607    .text               lv_label.o
    0x0801f6f4   0x0801f6f4   0x00000e0c   Code   RO         3678    .text               lv_list.o
    0x08020500   0x08020500   0x000005ec   Code   RO         3782    .text               lv_mbox.o
    0x08020aec   0x08020aec   0x000018c8   Code   RO         3832    .text               lv_page.o
    0x080223b4   0x080223b4   0x000009d4   Code   RO         3993    .text               lv_slider.o
    0x08022d88   0x08022d88   0x00001914   Code   RO         4068    .text               lv_ta.o
    0x0802469c   0x0802469c   0x00000f58   Code   RO         4129    .text               lv_tabview.o
    0x080255f4   0x080255f4   0x000000f0   Code   RO         4308    .text               lv_theme.o
    0x080256e4   0x080256e4   0x00000108   Code   RO         4516    .text               tft.o
    0x080257ec   0x080257ec   0x0000086c   Code   RO         4773    .text               demo.o
    0x08026058   0x08026058   0x000000e0   Code   RO         4835    .text               misc.o
    0x08026138   0x08026138   0x000003a8   Code   RO         4907    .text               stm32f4xx_dma.o
    0x080264e0   0x080264e0   0x00000694   Code   RO         5006    .text               stm32f4xx_fsmc.o
    0x08026b74   0x08026b74   0x00000294   Code   RO         5033    .text               stm32f4xx_gpio.o
    0x08026e08   0x08026e08   0x00000454   Code   RO         5129    .text               stm32f4xx_usart.o
    0x0802725c   0x0802725c   0x0000065c   Code   RO         5177    .text               stm32f4xx_rcc.o
    0x080278b8   0x080278b8   0x00000040   Code   RO         5203    .text               stm32f4xx_iwdg.o
    0x080278f8   0x080278f8   0x0000005e   Code   RO         5230    .text               c_w.l(h1_alloc.o)
    0x08027956   0x08027956   0x0000004e   Code   RO         5232    .text               c_w.l(h1_free.o)
    0x080279a4   0x080279a4   0x0000001a   Code   RO         5288    .text               c_w.l(atoi.o)
    0x080279be   0x080279be   0x00000058   Code   RO         5290    .text               c_w.l(memcmp.o)
    0x08027a16   0x08027a16   0x00000048   Code   RO         5292    .text               c_w.l(strcpy.o)
    0x08027a5e   0x08027a5e   0x0000003e   Code   RO         5294    .text               c_w.l(strlen.o)
    0x08027a9c   0x08027a9c   0x00000096   Code   RO         5296    .text               c_w.l(strncmp.o)
    0x08027b32   0x08027b32   0x00000018   Code   RO         5298    .text               c_w.l(strcat.o)
    0x08027b4a   0x08027b4a   0x0000008a   Code   RO         5300    .text               c_w.l(rt_memcpy_v6.o)
    0x08027bd4   0x08027bd4   0x00000064   Code   RO         5302    .text               c_w.l(rt_memcpy_w.o)
    0x08027c38   0x08027c38   0x00000044   Code   RO         5304    .text               c_w.l(rt_memclr.o)
    0x08027c7c   0x08027c7c   0x0000004e   Code   RO         5306    .text               c_w.l(rt_memclr_w.o)
    0x08027cca   0x08027cca   0x00000056   Code   RO         5308    .text               c_w.l(strncpy.o)
    0x08027d20   0x08027d20   0x00000080   Code   RO         5310    .text               c_w.l(strcmpv7m.o)
    0x08027da0   0x08027da0   0x00000006   Code   RO         5312    .text               c_w.l(heapauxi.o)
    0x08027da6   0x08027da6   0x00000002   PAD
    0x08027da8   0x08027da8   0x00000008   Code   RO         5322    .text               c_w.l(rt_heap_descriptor_intlibspace.o)
    0x08027db0   0x08027db0   0x00000008   Code   RO         5327    .text               c_w.l(rt_errno_addr_intlibspace.o)
    0x08027db8   0x08027db8   0x00000004   Code   RO         5329    .text               c_w.l(hguard.o)
    0x08027dbc   0x08027dbc   0x0000008a   Code   RO         5331    .text               c_w.l(init_alloc.o)
    0x08027e46   0x08027e46   0x0000000e   Code   RO         5335    .text               c_w.l(h1_init.o)
    0x08027e54   0x08027e54   0x00000070   Code   RO         5349    .text               c_w.l(strtol.o)
    0x08027ec4   0x08027ec4   0x00000008   Code   RO         5400    .text               c_w.l(libspace.o)
    0x08027ecc   0x08027ecc   0x00000010   Code   RO         5418    .text               c_w.l(rt_ctype_table.o)
    0x08027edc   0x08027edc   0x00000034   Code   RO         5424    .text               c_w.l(h1_extend.o)
    0x08027f10   0x08027f10   0x0000009e   Code   RO         5428    .text               c_w.l(_strtoul.o)
    0x08027fae   0x08027fae   0x0000000e   Code   RO         5430    .text               c_w.l(defsig_rtmem_outer.o)
    0x08027fbc   0x08027fbc   0x00000002   Code   RO         5441    .text               c_w.l(use_no_semi.o)
    0x08027fbe   0x08027fbe   0x00000000   Code   RO         5443    .text               c_w.l(indicate_semi.o)
    0x08027fbe   0x08027fbe   0x0000004a   Code   RO         5444    .text               c_w.l(sys_stackheap_outer.o)
    0x08028008   0x08028008   0x00000008   Code   RO         5451    .text               c_w.l(rt_locale_intlibspace.o)
    0x08028010   0x08028010   0x0000001c   Code   RO         5455    .text               c_w.l(_chval.o)
    0x0802802c   0x0802802c   0x00000012   Code   RO         5460    .text               c_w.l(exit.o)
    0x0802803e   0x0802803e   0x0000000a   Code   RO         5462    .text               c_w.l(defsig_exit.o)
    0x08028048   0x08028048   0x00000050   Code   RO         5464    .text               c_w.l(defsig_rtmem_inner.o)
    0x08028098   0x08028098   0x0000000c   Code   RO         5476    .text               c_w.l(sys_exit.o)
    0x080280a4   0x080280a4   0x00000032   Code   RO         5486    .text               c_w.l(defsig_general.o)
    0x080280d6   0x080280d6   0x0000000e   Code   RO         5504    .text               c_w.l(sys_wrch.o)
    0x080280e4   0x080280e4   0x0000002c   Code   RO         5458    locale$$code        c_w.l(lc_ctype_c.o)
    0x08028110   0x08028110   0x0000000a   Code   RO         5439    x$fpl$fpinit        fz_wm.l(fpinit.o)
    0x0802811a   0x0802811a   0x00000002   PAD
    0x0802811c   0x0802811c   0x0000005c   Data   RO          829    .constdata          usart.o
    0x08028178   0x08028178   0x00000013   Data   RO          923    .constdata          cpuport.o
    0x0802818b   0x0802818b   0x00000014   Data   RO          953    .constdata          components.o
    0x0802819f   0x0802819f   0x000000c9   Data   RO          978    .constdata          device.o
    0x08028268   0x08028268   0x00000016   Data   RO          992    .constdata          idle.o
    0x0802827e   0x0802827e   0x000001f7   Data   RO         1010    .constdata          ipc.o
    0x08028475   0x08028475   0x00000122   Data   RO         1044    .constdata          kservice.o
    0x08028597   0x08028597   0x0000003c   Data   RO         1064    .constdata          mem.o
    0x080285d3   0x080285d3   0x00000080   Data   RO         1128    .constdata          object.o
    0x08028653   0x08028653   0x0000004e   Data   RO         1148    .constdata          scheduler.o
    0x080286a1   0x080286a1   0x000000b9   Data   RO         1189    .constdata          thread.o
    0x0802875a   0x0802875a   0x0000005c   Data   RO         1209    .constdata          timer.o
    0x080287b6   0x080287b6   0x0000012a   Data   RO         1228    .constdata          serial.o
    0x080288e0   0x080288e0   0x0000007d   Data   RO         1245    .constdata          pin.o
    0x0802895d   0x0802895d   0x00000039   Data   RO         1262    .constdata          completion.o
    0x08028996   0x08028996   0x0000004b   Data   RO         1278    .constdata          dataqueue.o
    0x080289e1   0x080289e1   0x00000087   Data   RO         1375    .constdata          shell.o
    0x08028a68   0x08028a68   0x00000054   Data   RO         1415    .constdata          cmd.o
    0x08028abc   0x08028abc   0x000000c4   Data   RO         1540    .constdata          finsh_ops.o
    0x08028b80   0x08028b80   0x00000040   Data   RO         1573    .constdata          finsh_token.o
    0x08028bc0   0x08028bc0   0x0000000e   Data   RO         1634    .constdata          msh.o
    0x08028bce   0x08028bce   0x00000002   PAD
    0x08028bd0   0x08028bd0   0x00000026   Data   RO         1711    .constdata          lv_group.o
    0x08028bf6   0x08028bf6   0x00000002   PAD
    0x08028bf8   0x08028bf8   0x000000c6   Data   RO         1959    .constdata          lv_style.o
    0x08028cbe   0x08028cbe   0x00000002   PAD
    0x08028cc0   0x08028cc0   0x00000034   Data   RO         2042    .constdata          lv_draw.o
    0x08028cf4   0x08028cf4   0x00000008   Data   RO         2328    .constdata          lv_draw_rect.o
    0x08028cfc   0x08028cfc   0x00000002   Data   RO         2383    .constdata          lv_draw_vbasic.o
    0x08028cfe   0x08028cfe   0x00000002   PAD
    0x08028d00   0x08028d00   0x00002260   Data   RO         2472    .constdata          lv_font_dejavu_20.o
    0x0802af60   0x0802af60   0x00001c6c   Data   RO         2486    .constdata          lv_font_dejavu_20_cyrillic.o
    0x0802cbcc   0x0802cbcc   0x00002430   Data   RO         2500    .constdata          lv_font_dejavu_20_latin_sup.o
    0x0802effc   0x0802effc   0x00002418   Data   RO         2570    .constdata          lv_font_symbol_20.o
    0x08031414   0x08031414   0x00000062   Data   RO         4775    .constdata          demo.o
    0x08031476   0x08031476   0x00000002   PAD
    0x08031478   0x08031478   0x0000001c   Data   RO         5007    .constdata          stm32f4xx_fsmc.o
    0x08031494   0x08031494   0x0000015a   Data   RO         1011    .conststring        ipc.o
    0x080315ee   0x080315ee   0x00000002   PAD
    0x080315f0   0x080315f0   0x000000eb   Data   RO         1065    .conststring        mem.o
    0x080316db   0x080316db   0x00000001   PAD
    0x080316dc   0x080316dc   0x00000042   Data   RO         1190    .conststring        thread.o
    0x0803171e   0x0803171e   0x00000002   PAD
    0x08031720   0x08031720   0x0000016d   Data   RO         1416    .conststring        cmd.o
    0x0803188d   0x0803188d   0x00000003   PAD
    0x08031890   0x08031890   0x000000f3   Data   RO         1475    .conststring        finsh_error.o
    0x08031983   0x08031983   0x00000001   PAD
    0x08031984   0x08031984   0x0000003e   Data   RO         1574    .conststring        finsh_token.o
    0x080319c2   0x080319c2   0x00000002   PAD
    0x080319c4   0x080319c4   0x00000050   Data   RO         1928    .conststring        lv_refr.o
    0x08031a14   0x08031a14   0x0000002d   Data   RO         3201    .conststring        lv_btnm.o
    0x08031a41   0x08031a41   0x00000003   PAD
    0x08031a44   0x08031a44   0x000001bc   Data   RO         3581    .conststring        lv_kb.o
    0x08031c00   0x08031c00   0x00000056   Data   RO         4069    .conststring        lv_ta.o
    0x08031c56   0x08031c56   0x00000002   PAD
    0x08031c58   0x08031c58   0x00000007   Data   RO         4776    .conststring        demo.o
    0x08031c5f   0x08031c5f   0x00000027   Data   RO         1067    .rodata.name        mem.o
    0x08031c86   0x08031c86   0x00000069   Data   RO         1246    .rodata.name        pin.o
    0x08031cef   0x08031cef   0x000003a4   Data   RO         1418    .rodata.name        cmd.o
    0x08032093   0x08032093   0x00000061   Data   RO         1636    .rodata.name        msh.o
    0x080320f4   0x080320f4   0x0000007b   Data   RO         1652    .rodata.name        msh_cmd.o
    0x0803216f   0x0803216f   0x00000001   PAD
    0x08032170   0x08032170   0x00000004   Data   RO          954    .rti_fn.0           components.o
    0x08032174   0x08032174   0x00000004   Data   RO          955    .rti_fn.0.end       components.o
    0x08032178   0x08032178   0x00000004   Data   RO          831    .rti_fn.1           usart.o
    0x0803217c   0x0803217c   0x00000004   Data   RO          956    .rti_fn.1.end       components.o
    0x08032180   0x08032180   0x00000004   Data   RO         1377    .rti_fn.6           shell.o
    0x08032184   0x08032184   0x00000004   Data   RO          957    .rti_fn.6.end       components.o
    0x08032188   0x08032188   0x0000000c   Data   RO         1068    FSymTab             mem.o
    0x08032194   0x08032194   0x00000024   Data   RO         1247    FSymTab             pin.o
    0x080321b8   0x080321b8   0x00000120   Data   RO         1419    FSymTab             cmd.o
    0x080322d8   0x080322d8   0x00000024   Data   RO         1637    FSymTab             msh.o
    0x080322fc   0x080322fc   0x00000024   Data   RO         1653    FSymTab             msh_cmd.o
    0x08032320   0x08032320   0x00000020   Data   RO         5534    Region$$Table       anon$$obj.o
    0x08032340   0x08032340   0x00000010   Data   RO         1420    VSymTab             cmd.o
    0x08032350   0x08032350   0x00000110   Data   RO         5457    locale$$data        c_w.l(lc_ctype_c.o)


    Execution Region RW_IRAM1 (Exec base: 0x20000000, Load base: 0x08032460, Size: 0x0000e520, Max: 0x00020000, ABSOLUTE, COMPRESSED[0x00000388])

    Exec Addr    Load Addr    Size         Type   Attr      Idx    E Section Name        Object

    0x20000000   COMPRESSED   0x00000009   Data   RW          739    .data               delay.o
    0x20000009   COMPRESSED   0x00000003   PAD
    0x2000000c   COMPRESSED   0x00000060   Data   RW          830    .data               usart.o
    0x2000006c   COMPRESSED   0x00000010   Data   RW          924    .data               cpuport.o
    0x2000007c   COMPRESSED   0x00000004   Data   RW          939    .data               clock.o
    0x20000080   COMPRESSED   0x00000009   Data   RW         1028    .data               irq.o
    0x20000089   COMPRESSED   0x00000003   PAD
    0x2000008c   COMPRESSED   0x0000000c   Data   RW         1045    .data               kservice.o
    0x20000098   COMPRESSED   0x00000020   Data   RW         1066    .data               mem.o
    0x200000b8   COMPRESSED   0x000000b4   Data   RW         1129    .data               object.o
    0x2000016c   COMPRESSED   0x0000001c   Data   RW         1149    .data               scheduler.o
    0x20000188   COMPRESSED   0x0000000c   Data   RW         1191    .data               thread.o
    0x20000194   COMPRESSED   0x00000014   Data   RW         1210    .data               timer.o
    0x200001a8   COMPRESSED   0x00000008   Data   RW         1376    .data               shell.o
    0x200001b0   COMPRESSED   0x00000010   Data   RW         1398    .data               symbol.o
    0x200001c0   COMPRESSED   0x00000004   Data   RW         1417    .data               cmd.o
    0x200001c4   COMPRESSED   0x00000008   Data   RW         1438    .data               finsh_compiler.o
    0x200001cc   COMPRESSED   0x00000040   Data   RW         1476    .data               finsh_error.o
    0x2000020c   COMPRESSED   0x00000008   Data   RW         1492    .data               finsh_heap.o
    0x20000214   COMPRESSED   0x00000004   Data   RW         1589    .data               finsh_var.o
    0x20000218   COMPRESSED   0x0000000c   Data   RW         1612    .data               finsh_vm.o
    0x20000224   COMPRESSED   0x00000004   Data   RW         1635    .data               msh.o
    0x20000228   COMPRESSED   0x00000014   Data   RW         1684    .data               system_stm32f4xx.o
    0x2000023c   COMPRESSED   0x00000004   Data   RW         1762    .data               lv_indev.o
    0x20000240   COMPRESSED   0x00000001   Data   RW         1825    .data               lv_obj.o
    0x20000241   COMPRESSED   0x00000003   PAD
    0x20000244   COMPRESSED   0x00000010   Data   RW         1929    .data               lv_refr.o
    0x20000254   COMPRESSED   0x0000000d   Data   RW         1981    .data               lv_vdb.o
    0x20000261   COMPRESSED   0x00000003   PAD
    0x20000264   COMPRESSED   0x00000020   Data   RW         2043    .data               lv_draw.o
    0x20000284   COMPRESSED   0x0000002c   Data   RW         2166    .data               lv_draw_img.o
    0x200002b0   COMPRESSED   0x00000002   Data   RW         2384    .data               lv_draw_vbasic.o
    0x200002b2   COMPRESSED   0x00000002   PAD
    0x200002b4   COMPRESSED   0x00000028   Data   RW         2473    .data               lv_font_dejavu_20.o
    0x200002dc   COMPRESSED   0x00000028   Data   RW         2487    .data               lv_font_dejavu_20_cyrillic.o
    0x20000304   COMPRESSED   0x00000028   Data   RW         2501    .data               lv_font_dejavu_20_latin_sup.o
    0x2000032c   COMPRESSED   0x00000028   Data   RW         2571    .data               lv_font_symbol_20.o
    0x20000354   COMPRESSED   0x00000004   Data   RW         2597    .data               lv_hal_disp.o
    0x20000358   COMPRESSED   0x00000005   Data   RW         2693    .data               lv_hal_tick.o
    0x2000035d   COMPRESSED   0x00000003   PAD
    0x20000360   COMPRESSED   0x00000005   Data   RW         2710    .data               lv_anim.o
    0x20000365   COMPRESSED   0x00000003   PAD
    0x20000368   COMPRESSED   0x0000001c   Data   RW         2837    .data               lv_gc.o
    0x20000384   COMPRESSED   0x00000004   Data   RW         2868    .data               lv_log.o
    0x20000388   COMPRESSED   0x000000b6   Data   RW         2885    .data               lv_math.o
    0x2000043e   COMPRESSED   0x00000002   PAD
    0x20000440   COMPRESSED   0x00000008   Data   RW         2900    .data               lv_mem.o
    0x20000448   COMPRESSED   0x00000014   Data   RW         2914    .data               lv_task.o
    0x2000045c   COMPRESSED   0x00000020   Data   RW         2936    .data               lv_txt.o
    0x2000047c   COMPRESSED   0x00000001   Data   RW         2964    .data               lv_ufs.o
    0x2000047d   COMPRESSED   0x00000003   PAD
    0x20000480   COMPRESSED   0x00000008   Data   RW         3096    .data               lv_bar.o
    0x20000488   COMPRESSED   0x00000018   Data   RW         3168    .data               lv_btn.o
    0x200004a0   COMPRESSED   0x00000024   Data   RW         3202    .data               lv_btnm.o
    0x200004c4   COMPRESSED   0x00000008   Data   RW         3379    .data               lv_chart.o
    0x200004cc   COMPRESSED   0x00000004   Data   RW         3419    .data               lv_cont.o
    0x200004d0   COMPRESSED   0x00000004   Data   RW         3528    .data               lv_img.o
    0x200004d4   COMPRESSED   0x00000268   Data   RW         3582    .data               lv_kb.o
    0x2000073c   COMPRESSED   0x00000004   Data   RW         3608    .data               lv_label.o
    0x20000740   COMPRESSED   0x00000014   Data   RW         3679    .data               lv_list.o
    0x20000754   COMPRESSED   0x00000004   Data   RW         3783    .data               lv_mbox.o
    0x20000758   COMPRESSED   0x00000008   Data   RW         3833    .data               lv_page.o
    0x20000760   COMPRESSED   0x00000008   Data   RW         3994    .data               lv_slider.o
    0x20000768   COMPRESSED   0x00000010   Data   RW         4070    .data               lv_ta.o
    0x20000778   COMPRESSED   0x00000010   Data   RW         4131    .data               lv_tabview.o
    0x20000788   COMPRESSED   0x00000001   Data   RW         4310    .data               lv_theme.o
    0x20000789   COMPRESSED   0x00000003   PAD
    0x2000078c   COMPRESSED   0x00000010   Data   RW         4777    .data               demo.o
    0x2000079c   COMPRESSED   0x00000010   Data   RW         5178    .data               stm32f4xx_rcc.o
    0x200007ac        -       0x000000fc   Zero   RW          828    .bss                usart.o
    0x200008a8        -       0x00000490   Zero   RW          991    .bss                idle.o
    0x20000d38        -       0x00000080   Zero   RW         1043    .bss                kservice.o
    0x20000db8        -       0x00000020   Zero   RW         1063    .bss                mem.o
    0x20000dd8        -       0x00000100   Zero   RW         1147    .bss                scheduler.o
    0x20000ed8        -       0x00000044   Zero   RW         1244    .bss                pin.o
    0x20000f1c        -       0x00000081   Zero   RW         1374    .bss                shell.o
    0x20000f9d   COMPRESSED   0x00000003   PAD
    0x20000fa0        -       0x00000080   Zero   RW         1491    .bss                finsh_heap.o
    0x20001020        -       0x00000140   Zero   RW         1525    .bss                finsh_node.o
    0x20001160        -       0x000000c0   Zero   RW         1588    .bss                finsh_var.o
    0x20001220        -       0x00000180   Zero   RW         1611    .bss                finsh_vm.o
    0x200013a0        -       0x00000140   Zero   RW         1927    .bss                lv_refr.o
    0x200014e0        -       0x0000030c   Zero   RW         1958    .bss                lv_style.o
    0x200017ec        -       0x00007800   Zero   RW         1980    .bss                lv_vdb.o
    0x20008fec        -       0x00000200   Zero   RW         2165    .bss                lv_draw_img.o
    0x200091ec        -       0x000003c0   Zero   RW         2382    .bss                lv_draw_vbasic.o
    0x200095ac        -       0x0000003c   Zero   RW         2836    .bss                lv_gc.o
    0x200095e8        -       0x00002800   Zero   RW         2899    .bss                lv_mem.o
    0x2000bde8        -       0x00001dc8   Zero   RW         4309    .bss                lv_theme.o
    0x2000dbb0        -       0x0000030c   Zero   RW         4774    .bss                demo.o
    0x2000debc        -       0x00000060   Zero   RW         5401    .bss                c_w.l(libspace.o)
    0x2000df1c   COMPRESSED   0x00000004   PAD
    0x2000df20        -       0x00000200   Zero   RW         1674    HEAP                startup_stm32f40xx.o
    0x2000e120        -       0x00000400   Zero   RW         1673    STACK               startup_stm32f40xx.o


==============================================================================

Image component sizes


      Code (inc. data)   RO Data    RW Data    ZI Data      Debug   Object Name

       188         24          0          0          0      27327   board.o
      1372         16          0          0          0       4566   bsp_lcd.o
       108          6          0          4          0       1596   clock.o
      4412       1430       1685          4          0      18276   cmd.o
       460        128         57          0          0       4859   completion.o
       216         42         36          0          0       2606   components.o
       308         26          0          0          0        808   context_rvds.o
      1548        738         19         16          0       5119   cpuport.o
      1060        116         75          0          0       4901   dataqueue.o
       276         12          0          9          0       1797   delay.o
      2156        282        105         16        780       7518   demo.o
      1324        312        201          0          0       5774   device.o
      6168        154          0          8          0       9858   finsh_compiler.o
        44         10        243         64          0       1761   finsh_error.o
       528         18          0          8        128       3471   finsh_heap.o
        88          6          0          0          0       1736   finsh_init.o
       388          4          0          0        320       3512   finsh_node.o
      2780         36        196          0          0       8892   finsh_ops.o
      2428         32          0          0          0       9821   finsh_parser.o
      1664         16        126          0          0       6320   finsh_token.o
       412         18          0          4        192       6361   finsh_var.o
       228         34          0         12        384       5440   finsh_vm.o
       508         78         22          0       1168       5708   idle.o
      7176       1040        849          0          0      22447   ipc.o
       140         14          0          9          0       1944   irq.o
      2756        232        290         12        128      12592   kservice.o
        24          0          0          0          0     318375   lcd_test.o
       180          4          0          0          0       1035   led.o
      1378        108          0          5          0       7479   lv_anim.o
         0          0          0          0          0      15154   lv_arc.o
       534          0          0          0          0       4183   lv_area.o
      1652        118          0          8          0      19584   lv_bar.o
      2964        222          0         24          0      12143   lv_btn.o
      4084        178         45         36          0      12656   lv_btnm.o
         0          0          0          0          0       1128   lv_calendar.o
      3602        136          0          8          0      24288   lv_chart.o
        98          0          0          0          0       2061   lv_circ.o
      2832        112          0          4          0       9288   lv_cont.o
       252          8         52         32          0      14281   lv_draw.o
      3732        822          0         44        512      17433   lv_draw_img.o
      1020         20          0          0          0       7146   lv_draw_label.o
      5060         18          0          0          0       6271   lv_draw_line.o
         0          0          0          0          0       3912   lv_draw_rbasic.o
     11584         74          8          0          0      19661   lv_draw_rect.o
      3024        130          2          2        960      10717   lv_draw_vbasic.o
       478          0          0          0          0       5945   lv_font.o
        52         16          0          0          0        515   lv_font_builtin.o
         0          0          0          0          0       1100   lv_font_dejavu_10.o
         0          0       8800         40          0        740   lv_font_dejavu_20.o
         0          0       7276         40          0        801   lv_font_dejavu_20_cyrillic.o
         0          0       9264         40          0        806   lv_font_dejavu_20_latin_sup.o
         0          0       9240         40          0        740   lv_font_symbol_20.o
      1480         54          0          0          0      10284   lv_fs.o
         0          0          0         28         60        658   lv_gc.o
      1804         96         38          0          0      20112   lv_group.o
       648        130          0          4          0      11526   lv_hal_disp.o
       308        104          0          0          0      12336   lv_hal_indev.o
        76         10          0          5          0       1628   lv_hal_tick.o
      1888        498          0          4          0       5749   lv_img.o
      3304         86          0          4          0      21617   lv_indev.o
      1536        180        444        616          0      10743   lv_kb.o
      4152        190          0          4          0      20604   lv_label.o
      3596        206          0         20          0      29280   lv_list.o
       774          0          0          0          0       6552   lv_ll.o
        64          6          0          4          0       2311   lv_log.o
       416          6          0        182          0       2429   lv_math.o
      1516        148          0          4          0      19983   lv_mbox.o
       816         68          0          8      10240       4211   lv_mem.o
      5992        386          0          1          0      32983   lv_obj.o
      6344        180          0          8          0      34869   lv_page.o
      1776        184         80         16        320       6873   lv_refr.o
         0          0          0          0          0       7746   lv_roller.o
      2516        120          0          8          0       9310   lv_slider.o
      2480        126        198          0        780       6294   lv_style.o
      6420        298         86         16          0      25440   lv_ta.o
      3928        192          0         16          0      20952   lv_tabview.o
       940        134          0         20          0       5007   lv_task.o
       240        104          0          1       7624      12174   lv_theme.o
      1944         38          0         32          0      11027   lv_txt.o
      1208         56          0          1          0       9417   lv_ufs.o
       156         56          0         13      30720       6405   lv_vdb.o
       112         26          0          0          0        543   main.o
      2232        634        346         32         32       8530   mem.o
       224         20          0          0          0       1933   misc.o
       900        142        147          4          0       5035   msh.o
        34          0        159          0          0       2343   msh_cmd.o
       884        184        128        180          0       8507   object.o
       592         94        266          0         68       5094   pin.o
       908        150         78         28        256       7161   scheduler.o
      3208        410        298          0          0       9853   serial.o
      2784        282        139          8        129       7189   shell.o
        64         26        392          0       1536        868   startup_stm32f40xx.o
       936         32          0          0          0       6513   stm32f4xx_dma.o
      1684         36         28          0          0       6126   stm32f4xx_fsmc.o
       660         44          0          0          0       4277   stm32f4xx_gpio.o
        64          6          0          0          0       1337   stm32f4xx_iwdg.o
      1628         52          0         16          0      13200   stm32f4xx_rcc.o
      1108         34          0          0          0       8000   stm32f4xx_usart.o
         0          0          0         16          0       5105   symbol.o
       528         46          0         20          0       1995   system_stm32f4xx.o
       264         12          0          0          0       6608   tft.o
      2016        434        251         12          0      10533   thread.o
      1468        276         92         20          0       9107   timer.o
      1488        160         96         96        252      38389   usart.o

    ----------------------------------------------------------------------
    161400      13546      41916       1964      56592    1239218   Object Totals
         0          0         32          0          0          0   (incl. Generated)
         6          0         27         28          3          0   (incl. Padding)

    ----------------------------------------------------------------------

      Code (inc. data)   RO Data    RW Data    ZI Data      Debug   Library Member Name

        90          0          0          0          0          0   __dczerorl2.o
         8          0          0          0          0         68   __main.o
         0          0          0          0          0          0   __rtentry.o
        12          0          0          0          0          0   __rtentry2.o
         6          0          0          0          0          0   __rtentry4.o
        52          8          0          0          0          0   __scatter.o
        28          0          0          0          0          0   __scatter_zi.o
        28          0          0          0          0         68   _chval.o
       158          0          0          0          0         92   _strtoul.o
        26          0          0          0          0         80   atoi.o
        10          0          0          0          0         68   defsig_exit.o
        50          0          0          0          0         88   defsig_general.o
        80         58          0          0          0         76   defsig_rtmem_inner.o
        14          0          0          0          0         80   defsig_rtmem_outer.o
        18          0          0          0          0         80   exit.o
        94          0          0          0          0         80   h1_alloc.o
        52          0          0          0          0         68   h1_extend.o
        78          0          0          0          0         80   h1_free.o
        14          0          0          0          0         84   h1_init.o
         6          0          0          0          0        152   heapauxi.o
         4          0          0          0          0        136   hguard.o
         0          0          0          0          0          0   indicate_semi.o
       138          0          0          0          0        168   init_alloc.o
        44         10        272          0          0         76   lc_ctype_c.o
         2          0          0          0          0          0   libinit.o
        32          0          0          0          0          0   libinit2.o
         2          0          0          0          0          0   libshutdown.o
         2          0          0          0          0          0   libshutdown2.o
         8          4          0          0         96         68   libspace.o
         0          0          0          0          0          0   maybetermalloc1.o
        88          0          0          0          0         76   memcmp.o
        16          4          0          0          0         76   rt_ctype_table.o
         8          4          0          0          0         68   rt_errno_addr_intlibspace.o
         8          4          0          0          0         68   rt_heap_descriptor_intlibspace.o
         8          4          0          0          0         68   rt_locale_intlibspace.o
        68          0          0          0          0         68   rt_memclr.o
        78          0          0          0          0         80   rt_memclr_w.o
       138          0          0          0          0         68   rt_memcpy_v6.o
       100          0          0          0          0         80   rt_memcpy_w.o
         2          0          0          0          0          0   rtexit.o
        10          0          0          0          0          0   rtexit2.o
        24          0          0          0          0         68   strcat.o
       128          0          0          0          0         68   strcmpv7m.o
        72          0          0          0          0         80   strcpy.o
        62          0          0          0          0         76   strlen.o
       150          0          0          0          0         80   strncmp.o
        86          0          0          0          0         76   strncpy.o
       112          0          0          0          0         88   strtol.o
        12          4          0          0          0         68   sys_exit.o
        74          0          0          0          0         80   sys_stackheap_outer.o
        14          0          0          0          0         76   sys_wrch.o
         2          0          0          0          0         68   use_no_semi.o
        10          0          0          0          0        116   fpinit.o

    ----------------------------------------------------------------------
      2332        100        272          0        100       3208   Library Totals
         6          0          0          0          4          0   (incl. Padding)

    ----------------------------------------------------------------------

      Code (inc. data)   RO Data    RW Data    ZI Data      Debug   Library Name

      2316        100        272          0         96       3092   c_w.l
        10          0          0          0          0        116   fz_wm.l

    ----------------------------------------------------------------------
      2332        100        272          0        100       3208   Library Totals

    ----------------------------------------------------------------------

==============================================================================


      Code (inc. data)   RO Data    RW Data    ZI Data      Debug   

    163732      13646      42188       1964      56692    1223006   Grand Totals
    163732      13646      42188        904      56692    1223006   ELF Image Totals (compressed)
    163732      13646      42188        904          0          0   ROM Totals

==============================================================================

    Total RO  Size (Code + RO Data)               205920 ( 201.09kB)
    Total RW  Size (RW Data + ZI Data)             58656 (  57.28kB)
    Total ROM Size (Code + RO Data + RW Data)     206824 ( 201.98kB)

==============================================================================

