<html>
<body>
<pre>
<h1>µVision Build Log</h1>
<h2>Tool Versions:</h2>
IDE-Version: ¦ÌVision V5.26.0.0
Copyright (C) 2018 ARM Ltd and ARM Germany GmbH. All rights reserved.
License Information: 1 zehn, 1, LIC=EXJRA-18MVG-Y77RW-QFD0N-FD8AE-58KHK
 
Tool Versions:
Toolchain:       MDK-ARM Plus  Version: 5.26.0.0
Toolchain Path:  D:\develop\ARM\ARMCC\Bin
C Compiler:      Armcc.exe V5.06 update 6 (build 750)
Assembler:       Armasm.exe V5.06 update 6 (build 750)
Linker/Locator:  ArmLink.exe V5.06 update 6 (build 750)
Library Manager: ArmAr.exe V5.06 update 6 (build 750)
Hex Converter:   FromElf.exe V5.06 update 6 (build 750)
CPU DLL:         SARMCM3.DLL V5.26.0.0
Dialog DLL:      DCM.DLL V1.17.1.0
Target DLL:      Segger\JL2CM3.dll V2.99.29.0
Dialog DLL:      TCM.DLL V1.35.3.0
 
<h2>Project:</h2>
E:\STM32\WSS4.0\Project\project.uvprojx
Project File Date:  02/18/2019

<h2>Output:</h2>
*** Using Compiler 'V5.06 update 6 (build 750)', folder: 'D:\develop\ARM\ARMCC\Bin'
Build target 'rt-thread_stm32f4xx'
compiling LCD_TEST.c...
..\APP\LCD_TEST\LCD_TEST.h(31): warning:  #1-D: last line of file ends without a newline
  #endif
..\APP\LCD_TEST\LCD_TEST.c(51): warning:  #1-D: last line of file ends without a newline
  }
..\APP\LCD_TEST\LCD_TEST.c: 2 warnings, 0 errors
linking...
Program Size: Code=163732 RO-data=42188 RW-data=1964 ZI-data=56692  
FromELF: creating hex file...
After Build - User command #1: fromelf --bin .\Objects\rtthread-stm32f4xx.axf --output rtthread-stm32f4xx.bin
".\Objects\rtthread-stm32f4xx.axf" - 0 Error(s), 2 Warning(s).

<h2>Software Packages used:</h2>

Package Vendor: Keil
                http://www.keil.com/pack/Keil.STM32F4xx_DFP.2.3.0.pack
                Keil.STM32F4xx_DFP.2.3.0
                STMicroelectronics STM32F4 Series Device Support, Drivers and Examples

<h2>Collection of Component include folders:</h2>
  .\RTE\_rt-thread_stm32f4xx
  D:\develop\ARM\PACK\Keil\STM32F4xx_DFP\2.3.0\Drivers\CMSIS\Device\ST\STM32F4xx\Include

<h2>Collection of Component Files used:</h2>
Build Time Elapsed:  00:00:10
</pre>
</body>
</html>
